Component: ARM Compiler 6.16 Tool: armlink [5dfeaa00]

==============================================================================

Section Cross References

    led_port.o(.ARM.exidx.text.get_led_port_bit_length) refers to led_port.o(.text.get_led_port_bit_length) for [Anonymous Symbol]
    led_port.o(.text.led_port_init) refers to device_definition.o(.data.MPS3_IO_DEV_S) for MPS3_IO_DEV_S
    led_port.o(.text.led_port_init) refers to arm_mps3_io_drv.o(.text.arm_mps3_io_write_leds) for arm_mps3_io_write_leds
    led_port.o(.text.led_port_init) refers to led_port.o(.bss.led_status) for led_status
    led_port.o(.ARM.exidx.text.led_port_init) refers to led_port.o(.text.led_port_init) for [Anonymous Symbol]
    led_port.o(.text.set_led_port) refers to led_port.o(.bss.led_status) for led_status
    led_port.o(.text.set_led_port) refers to device_definition.o(.data.MPS3_IO_DEV_S) for MPS3_IO_DEV_S
    led_port.o(.text.set_led_port) refers to arm_mps3_io_drv.o(.text.arm_mps3_io_write_leds) for arm_mps3_io_write_leds
    led_port.o(.ARM.exidx.text.set_led_port) refers to led_port.o(.text.set_led_port) for [Anonymous Symbol]
    led_port.o(.text.get_led_port) refers to device_definition.o(.data.MPS3_IO_DEV_S) for MPS3_IO_DEV_S
    led_port.o(.text.get_led_port) refers to arm_mps3_io_drv.o(.text.arm_mps3_io_read_leds) for arm_mps3_io_read_leds
    led_port.o(.ARM.exidx.text.get_led_port) refers to led_port.o(.text.get_led_port) for [Anonymous Symbol]
    serial.o(.text.serial_init) refers to driver_usart.o(.rodata.Driver_USART0) for Driver_USART0
    serial.o(.ARM.exidx.text.serial_init) refers to serial.o(.text.serial_init) for [Anonymous Symbol]
    serial.o(.text.serial_print) refers to driver_usart.o(.rodata.Driver_USART0) for Driver_USART0
    serial.o(.text.serial_print) refers to strlen.o(.text) for strlen
    serial.o(.ARM.exidx.text.serial_print) refers to serial.o(.text.serial_print) for [Anonymous Symbol]
    serial.o(.text.fputc) refers to driver_usart.o(.rodata.Driver_USART0) for Driver_USART0
    serial.o(.ARM.exidx.text.fputc) refers to serial.o(.text.fputc) for [Anonymous Symbol]
    serial.o(.text._write) refers to driver_usart.o(.rodata.Driver_USART0) for Driver_USART0
    serial.o(.ARM.exidx.text._write) refers to serial.o(.text._write) for [Anonymous Symbol]
    blinky.o(.text.Blinky) refers to led_port.o(.text.get_led_port_bit_length) for get_led_port_bit_length
    blinky.o(.text.Blinky) refers to serial.o(.text.serial_init) for serial_init
    blinky.o(.text.Blinky) refers to serial.o(.text.serial_print) for serial_print
    blinky.o(.text.Blinky) refers to led_port.o(.text.led_port_init) for led_port_init
    blinky.o(.text.Blinky) refers to blinky.o(.bss.timeout) for timeout
    blinky.o(.text.Blinky) refers to systimer_armv8-m_timeout.o(.text.timeout_init) for timeout_init
    blinky.o(.text.Blinky) refers to blinky.o(.text.led_runner) for led_runner
    blinky.o(.text.Blinky) refers to blinky.o(.text.led_blink) for led_blink
    blinky.o(.ARM.exidx.text.Blinky) refers to blinky.o(.text.Blinky) for [Anonymous Symbol]
    blinky.o(.text.led_runner) refers to blinky.o(.bss.timeout) for timeout
    blinky.o(.text.led_runner) refers to systimer_armv8-m_timeout.o(.text.timeout_delay_is_elapsed) for timeout_delay_is_elapsed
    blinky.o(.text.led_runner) refers to led_port.o(.text.set_led_port) for set_led_port
    blinky.o(.ARM.exidx.text.led_runner) refers to blinky.o(.text.led_runner) for [Anonymous Symbol]
    blinky.o(.text.led_blink) refers to blinky.o(.bss.timeout) for timeout
    blinky.o(.text.led_blink) refers to systimer_armv8-m_timeout.o(.text.timeout_delay_is_elapsed) for timeout_delay_is_elapsed
    blinky.o(.text.led_blink) refers to led_port.o(.text.set_led_port) for set_led_port
    blinky.o(.ARM.exidx.text.led_blink) refers to blinky.o(.text.led_blink) for [Anonymous Symbol]
    main.o(.text.main) refers to blinky.o(.text.Blinky) for Blinky
    main.o(.ARM.exidx.text.main) refers to main.o(.text.main) for [Anonymous Symbol]
    driver_fvp_sse300_mpc.o(.ARM.exidx.text.ARM_MPC_GetVersion) refers to driver_fvp_sse300_mpc.o(.text.ARM_MPC_GetVersion) for [Anonymous Symbol]
    driver_fvp_sse300_mpc.o(.text.SRAM_MPC_Initialize) refers to device_definition.o(.data.MPC_SRAM_DEV_S) for MPC_SRAM_DEV_S
    driver_fvp_sse300_mpc.o(.text.SRAM_MPC_Initialize) refers to driver_fvp_sse300_mpc.o(.data.MPC_SRAM_RANGE_LIST) for MPC_SRAM_RANGE_LIST
    driver_fvp_sse300_mpc.o(.text.SRAM_MPC_Initialize) refers to mpc_sie_drv.o(.text.mpc_sie_init) for mpc_sie_init
    driver_fvp_sse300_mpc.o(.text.SRAM_MPC_Initialize) refers to driver_fvp_sse300_mpc.o(.rodata..Lswitch.table.QSPI_MPC_EnableInterrupt) for .Lswitch.table.QSPI_MPC_EnableInterrupt
    driver_fvp_sse300_mpc.o(.ARM.exidx.text.SRAM_MPC_Initialize) refers to driver_fvp_sse300_mpc.o(.text.SRAM_MPC_Initialize) for [Anonymous Symbol]
[...]
    .ARM.Collect$$libinit$$00000030          0x1000083a   Section        0  libinit2.o(.ARM.Collect$$libinit$$00000030)
    .ARM.Collect$$libinit$$00000032          0x1000083a   Section        0  libinit2.o(.ARM.Collect$$libinit$$00000032)
    .ARM.Collect$$libinit$$00000033          0x1000083a   Section        2  libinit2.o(.ARM.Collect$$libinit$$00000033)
    .ARM.Collect$$libshutdown$$00000000      0x1000083c   Section        2  libshutdown.o(.ARM.Collect$$libshutdown$$00000000)
    .ARM.Collect$$libshutdown$$00000002      0x1000083e   Section        0  libshutdown2.o(.ARM.Collect$$libshutdown$$00000002)
    .ARM.Collect$$libshutdown$$00000004      0x1000083e   Section        0  libshutdown2.o(.ARM.Collect$$libshutdown$$00000004)
    .ARM.Collect$$libshutdown$$00000007      0x1000083e   Section        0  libshutdown2.o(.ARM.Collect$$libshutdown$$00000007)
    .ARM.Collect$$libshutdown$$0000000A      0x1000083e   Section        0  libshutdown2.o(.ARM.Collect$$libshutdown$$0000000A)
    .ARM.Collect$$libshutdown$$0000000C      0x1000083e   Section        0  libshutdown2.o(.ARM.Collect$$libshutdown$$0000000C)
    .ARM.Collect$$libshutdown$$0000000F      0x1000083e   Section        0  libshutdown2.o(.ARM.Collect$$libshutdown$$0000000F)
    .ARM.Collect$$libshutdown$$00000010      0x1000083e   Section        2  libshutdown2.o(.ARM.Collect$$libshutdown$$00000010)
    .ARM.Collect$$rtentry$$00000000          0x10000840   Section        0  __rtentry.o(.ARM.Collect$$rtentry$$00000000)
    .ARM.Collect$$rtentry$$00000002          0x10000840   Section        0  __rtentry2.o(.ARM.Collect$$rtentry$$00000002)
    .ARM.Collect$$rtentry$$00000007          0x10000840   Section        4  __rtentry7.o(.ARM.Collect$$rtentry$$00000007)
    .ARM.Collect$$rtentry$$00000009          0x10000844   Section        0  __rtentry2.o(.ARM.Collect$$rtentry$$00000009)
    .ARM.Collect$$rtentry$$0000000A          0x10000844   Section        4  __rtentry2.o(.ARM.Collect$$rtentry$$0000000A)
    .ARM.Collect$$rtentry$$0000000C          0x10000848   Section        0  __rtentry2.o(.ARM.Collect$$rtentry$$0000000C)
    .ARM.Collect$$rtentry$$0000000D          0x10000848   Section        8  __rtentry2.o(.ARM.Collect$$rtentry$$0000000D)
    __lit__00000000                          0x10000850   Data           4  __rtentry7.o(.ARM.Collect$$rtentry$$00002718)
    .ARM.Collect$$rtentry$$00002718          0x10000850   Section        4  __rtentry7.o(.ARM.Collect$$rtentry$$00002718)
    .ARM.Collect$$rtexit$$00000000           0x10000854   Section        2  rtexit.o(.ARM.Collect$$rtexit$$00000000)
    .ARM.Collect$$rtexit$$00000002           0x10000856   Section        0  rtexit2.o(.ARM.Collect$$rtexit$$00000002)
    .ARM.Collect$$rtexit$$00000003           0x10000856   Section        4  rtexit2.o(.ARM.Collect$$rtexit$$00000003)
    .ARM.Collect$$rtexit$$00000004           0x1000085a   Section        6  rtexit2.o(.ARM.Collect$$rtexit$$00000004)
    .text                                    0x10000860   Section        0  strlen.o(.text)
    .text                                    0x1000089e   Section        0  exit.o(.text)
    .text                                    0x100008b0   Section        2  use_no_semi.o(.text)
    .text                                    0x100008b2   Section        0  indicate_semi.o(.text)
    .text                                    0x100008b4   Section        0  sys_exit.o(.text)
    ARM_USART0_Control                       0x100008c1   Thumb Code    74  driver_usart.o(.text.ARM_USART0_Control)
    [Anonymous Symbol]                       0x100008c0   Section        0  driver_usart.o(.text.ARM_USART0_Control)
    ARM_USART0_GetModemStatus                0x1000090d   Thumb Code     4  driver_usart.o(.text.ARM_USART0_GetModemStatus)
    [Anonymous Symbol]                       0x1000090c   Section        0  driver_usart.o(.text.ARM_USART0_GetModemStatus)
    ARM_USART0_GetRxCount                    0x10000911   Thumb Code    12  driver_usart.o(.text.ARM_USART0_GetRxCount)
    [Anonymous Symbol]                       0x10000910   Section        0  driver_usart.o(.text.ARM_USART0_GetRxCount)
    ARM_USART0_GetStatus                     0x1000091d   Thumb Code     4  driver_usart.o(.text.ARM_USART0_GetStatus)
    [Anonymous Symbol]                       0x1000091c   Section        0  driver_usart.o(.text.ARM_USART0_GetStatus)
    ARM_USART0_GetTxCount                    0x10000921   Thumb Code    12  driver_usart.o(.text.ARM_USART0_GetTxCount)
    [Anonymous Symbol]                       0x10000920   Section        0  driver_usart.o(.text.ARM_USART0_GetTxCount)
    ARM_USART0_Initialize                    0x1000092d   Thumb Code    38  driver_usart.o(.text.ARM_USART0_Initialize)
    [Anonymous Symbol]                       0x1000092c   Section        0  driver_usart.o(.text.ARM_USART0_Initialize)
    ARM_USART0_PowerControl                  0x10000955   Thumb Code    10  driver_usart.o(.text.ARM_USART0_PowerControl)
    [Anonymous Symbol]                       0x10000954   Section        0  driver_usart.o(.text.ARM_USART0_PowerControl)
    ARM_USART0_Receive                       0x10000961   Thumb Code    82  driver_usart.o(.text.ARM_USART0_Receive)
    [Anonymous Symbol]                       0x10000960   Section        0  driver_usart.o(.text.ARM_USART0_Receive)
    ARM_USART0_Send                          0x100009b5   Thumb Code   102  driver_usart.o(.text.ARM_USART0_Send)
    [Anonymous Symbol]                       0x100009b4   Section        0  driver_usart.o(.text.ARM_USART0_Send)
    ARM_USART0_SetModemControl               0x10000a1d   Thumb Code     6  driver_usart.o(.text.ARM_USART0_SetModemControl)
    [Anonymous Symbol]                       0x10000a1c   Section        0  driver_usart.o(.text.ARM_USART0_SetModemControl)
    ARM_USART0_Transfer                      0x10000a25   Thumb Code     6  driver_usart.o(.text.ARM_USART0_Transfer)
    [Anonymous Symbol]                       0x10000a24   Section        0  driver_usart.o(.text.ARM_USART0_Transfer)
    ARM_USART0_Uninitialize                  0x10000a2d   Thumb Code     4  driver_usart.o(.text.ARM_USART0_Uninitialize)
    [Anonymous Symbol]                       0x10000a2c   Section        0  driver_usart.o(.text.ARM_USART0_Uninitialize)
    ARM_USART_GetCapabilities                0x10000a31   Thumb Code     4  driver_usart.o(.text.ARM_USART_GetCapabilities)
    [Anonymous Symbol]                       0x10000a30   Section        0  driver_usart.o(.text.ARM_USART_GetCapabilities)
    ARM_USART_GetVersion                     0x10000a35   Thumb Code    10  driver_usart.o(.text.ARM_USART_GetVersion)
    [Anonymous Symbol]                       0x10000a34   Section        0  driver_usart.o(.text.ARM_USART_GetVersion)
    [Anonymous Symbol]                       0x10000a40   Section        0  startup_fvp_sse300_mps3.o(.text.BRIDGE_ERROR_Handler)
    [Anonymous Symbol]                       0x10000a44   Section        0  blinky.o(.text.Blinky)
    [Anonymous Symbol]                       0x10000ac0   Section        0  startup_fvp_sse300_mps3.o(.text.BusFault_Handler)
    [Anonymous Symbol]                       0x10000ac4   Section        0  startup_fvp_sse300_mps3.o(.text.CPU0_PPU_Handler)
    [Anonymous Symbol]                       0x10000ac8   Section        0  startup_fvp_sse300_mps3.o(.text.CTI_REQ0_IRQHandler)
    [Anonymous Symbol]                       0x10000acc   Section        0  startup_fvp_sse300_mps3.o(.text.CTI_REQ1_IRQHandler)
    [Anonymous Symbol]                       0x10000ad0   Section        0  startup_fvp_sse300_mps3.o(.text.DEBUG_PPU_Handler)
    [Anonymous Symbol]                       0x10000ad4   Section        0  startup_fvp_sse300_mps3.o(.text.DebugMon_Handler)
    [Anonymous Symbol]                       0x10000ad8   Section        0  startup_fvp_sse300_mps3.o(.text.ETHERNET_Handler)
    [Anonymous Symbol]                       0x10000adc   Section        0  startup_fvp_sse300_mps3.o(.text.ETHOS_U55_Handler)
    [Anonymous Symbol]                       0x10000ae0   Section        0  startup_fvp_sse300_mps3.o(.text.GPIO0_0_Handler)
    [Anonymous Symbol]                       0x10000ae4   Section        0  startup_fvp_sse300_mps3.o(.text.GPIO0_10_Handler)
    [Anonymous Symbol]                       0x10000ae8   Section        0  startup_fvp_sse300_mps3.o(.text.GPIO0_11_Handler)
    [Anonymous Symbol]                       0x10000aec   Section        0  startup_fvp_sse300_mps3.o(.text.GPIO0_12_Handler)
    [Anonymous Symbol]                       0x10000af0   Section        0  startup_fvp_sse300_mps3.o(.text.GPIO0_13_Handler)
    [Anonymous Symbol]                       0x10000af4   Section        0  startup_fvp_sse300_mps3.o(.text.GPIO0_14_Handler)
    [Anonymous Symbol]                       0x10000af8   Section        0  startup_fvp_sse300_mps3.o(.text.GPIO0_15_Handler)
    [Anonymous Symbol]                       0x10000afc   Section        0  startup_fvp_sse300_mps3.o(.text.GPIO0_1_Handler)
    [Anonymous Symbol]                       0x10000b00   Section        0  startup_fvp_sse300_mps3.o(.text.GPIO0_2_Handler)
    [Anonymous Symbol]                       0x10000b04   Section        0  startup_fvp_sse300_mps3.o(.text.GPIO0_3_Handler)
    [Anonymous Symbol]                       0x10000b08   Section        0  startup_fvp_sse300_mps3.o(.text.GPIO0_4_Handler)
    [Anonymous Symbol]                       0x10000b0c   Section        0  startup_fvp_sse300_mps3.o(.text.GPIO0_5_Handler)
    [Anonymous Symbol]                       0x10000b10   Section        0  startup_fvp_sse300_mps3.o(.text.GPIO0_6_Handler)
    [Anonymous Symbol]                       0x10000b14   Section        0  startup_fvp_sse300_mps3.o(.text.GPIO0_7_Handler)
    [Anonymous Symbol]                       0x10000b18   Section        0  startup_fvp_sse300_mps3.o(.text.GPIO0_8_Handler)
    [Anonymous Symbol]                       0x10000b1c   Section        0  startup_fvp_sse300_mps3.o(.text.GPIO0_9_Handler)
    [Anonymous Symbol]                       0x10000b20   Section        0  startup_fvp_sse300_mps3.o(.text.GPIO0_Combined_Handler)
    [Anonymous Symbol]                       0x10000b24   Section        0  startup_fvp_sse300_mps3.o(.text.GPIO1_0_Handler)
    [Anonymous Symbol]                       0x10000b28   Section        0  startup_fvp_sse300_mps3.o(.text.GPIO1_10_Handler)
    [Anonymous Symbol]                       0x10000b2c   Section        0  startup_fvp_sse300_mps3.o(.text.GPIO1_11_Handler)
    [Anonymous Symbol]                       0x10000b30   Section        0  startup_fvp_sse300_mps3.o(.text.GPIO1_12_Handler)
    [Anonymous Symbol]                       0x10000b34   Section        0  startup_fvp_sse300_mps3.o(.text.GPIO1_13_Handler)
    [Anonymous Symbol]                       0x10000b38   Section        0  startup_fvp_sse300_mps3.o(.text.GPIO1_14_Handler)
    [Anonymous Symbol]                       0x10000b3c   Section        0  startup_fvp_sse300_mps3.o(.text.GPIO1_15_Handler)
    [Anonymous Symbol]                       0x10000b40   Section        0  startup_fvp_sse300_mps3.o(.text.GPIO1_1_Handler)
    [Anonymous Symbol]                       0x10000b44   Section        0  startup_fvp_sse300_mps3.o(.text.GPIO1_2_Handler)
    [Anonymous Symbol]                       0x10000b48   Section        0  startup_fvp_sse300_mps3.o(.text.GPIO1_3_Handler)
    [Anonymous Symbol]                       0x10000b4c   Section        0  startup_fvp_sse300_mps3.o(.text.GPIO1_4_Handler)
    [Anonymous Symbol]                       0x10000b50   Section        0  startup_fvp_sse300_mps3.o(.text.GPIO1_5_Handler)
    [Anonymous Symbol]                       0x10000b54   Section        0  startup_fvp_sse300_mps3.o(.text.GPIO1_6_Handler)
    [Anonymous Symbol]                       0x10000b58   Section        0  startup_fvp_sse300_mps3.o(.text.GPIO1_7_Handler)
    [Anonymous Symbol]                       0x10000b5c   Section        0  startup_fvp_sse300_mps3.o(.text.GPIO1_8_Handler)
    [Anonymous Symbol]                       0x10000b60   Section        0  startup_fvp_sse300_mps3.o(.text.GPIO1_9_Handler)
    [Anonymous Symbol]                       0x10000b64   Section        0  startup_fvp_sse300_mps3.o(.text.GPIO1_Combined_Handler)
    [Anonymous Symbol]                       0x10000b68   Section        0  startup_fvp_sse300_mps3.o(.text.GPIO2_0_Handler)
    [Anonymous Symbol]                       0x10000b6c   Section        0  startup_fvp_sse300_mps3.o(.text.GPIO2_10_Handler)
    [Anonymous Symbol]                       0x10000b70   Section        0  startup_fvp_sse300_mps3.o(.text.GPIO2_11_Handler)
    [Anonymous Symbol]                       0x10000b74   Section        0  startup_fvp_sse300_mps3.o(.text.GPIO2_12_Handler)
    [Anonymous Symbol]                       0x10000b78   Section        0  startup_fvp_sse300_mps3.o(.text.GPIO2_13_Handler)
    [Anonymous Symbol]                       0x10000b7c   Section        0  startup_fvp_sse300_mps3.o(.text.GPIO2_14_Handler)
    [Anonymous Symbol]                       0x10000b80   Section        0  startup_fvp_sse300_mps3.o(.text.GPIO2_15_Handler)
    [Anonymous Symbol]                       0x10000b84   Section        0  startup_fvp_sse300_mps3.o(.text.GPIO2_1_Handler)
    [Anonymous Symbol]                       0x10000b88   Section        0  startup_fvp_sse300_mps3.o(.text.GPIO2_2_Handler)
    [Anonymous Symbol]                       0x10000b8c   Section        0  startup_fvp_sse300_mps3.o(.text.GPIO2_3_Handler)
    [Anonymous Symbol]                       0x10000b90   Section        0  startup_fvp_sse300_mps3.o(.text.GPIO2_4_Handler)
    [Anonymous Symbol]                       0x10000b94   Section        0  startup_fvp_sse300_mps3.o(.text.GPIO2_5_Handler)
    [Anonymous Symbol]                       0x10000b98   Section        0  startup_fvp_sse300_mps3.o(.text.GPIO2_6_Handler)
    [Anonymous Symbol]                       0x10000b9c   Section        0  startup_fvp_sse300_mps3.o(.text.GPIO2_7_Handler)
    [Anonymous Symbol]                       0x10000ba0   Section        0  startup_fvp_sse300_mps3.o(.text.GPIO2_8_Handler)
    [Anonymous Symbol]                       0x10000ba4   Section        0  startup_fvp_sse300_mps3.o(.text.GPIO2_9_Handler)
    [Anonymous Symbol]                       0x10000ba8   Section        0  startup_fvp_sse300_mps3.o(.text.GPIO2_Combined_Handler)
    [Anonymous Symbol]                       0x10000bac   Section        0  startup_fvp_sse300_mps3.o(.text.GPIO3_0_Handler)
    [Anonymous Symbol]                       0x10000bb0   Section        0  startup_fvp_sse300_mps3.o(.text.GPIO3_1_Handler)
    [Anonymous Symbol]                       0x10000bb4   Section        0  startup_fvp_sse300_mps3.o(.text.GPIO3_2_Handler)
    [Anonymous Symbol]                       0x10000bb8   Section        0  startup_fvp_sse300_mps3.o(.text.GPIO3_3_Handler)
    [Anonymous Symbol]                       0x10000bbc   Section        0  startup_fvp_sse300_mps3.o(.text.GPIO3_Combined_Handler)
    [Anonymous Symbol]                       0x10000bc0   Section        0  startup_fvp_sse300_mps3.o(.text.HardFault_Handler)
    [Anonymous Symbol]                       0x10000bc4   Section        0  startup_fvp_sse300_mps3.o(.text.I2S_Handler)
    [Anonymous Symbol]                       0x10000bc8   Section        0  startup_fvp_sse300_mps3.o(.text.MGMT_PPU_Handler)
    [Anonymous Symbol]                       0x10000bcc   Section        0  startup_fvp_sse300_mps3.o(.text.MPC_Handler)
    [Anonymous Symbol]                       0x10000bd0   Section        0  startup_fvp_sse300_mps3.o(.text.MSC_Handler)
    [Anonymous Symbol]                       0x10000bd4   Section        0  startup_fvp_sse300_mps3.o(.text.MemManage_Handler)
    [Anonymous Symbol]                       0x10000bd8   Section        0  startup_fvp_sse300_mps3.o(.text.NMI_Handler)
    [Anonymous Symbol]                       0x10000bdc   Section        0  startup_fvp_sse300_mps3.o(.text.NONSEC_WATCHDOG_Handler)
    [Anonymous Symbol]                       0x10000be0   Section        0  startup_fvp_sse300_mps3.o(.text.NONSEC_WATCHDOG_RESET_Handler)
    [Anonymous Symbol]                       0x10000be4   Section        0  startup_fvp_sse300_mps3.o(.text.PPC_Handler)
    [Anonymous Symbol]                       0x10000be8   Section        0  startup_fvp_sse300_mps3.o(.text.PendSV_Handler)
    [Anonymous Symbol]                       0x10000bec   Section        0  startup_fvp_sse300_mps3.o(.text.Reset_Handler)
    [Anonymous Symbol]                       0x10000c00   Section        0  startup_fvp_sse300_mps3.o(.text.SLOWCLK_Timer_Handler)
    [Anonymous Symbol]                       0x10000c04   Section        0  startup_fvp_sse300_mps3.o(.text.SPI_ADC_Handler)
    [Anonymous Symbol]                       0x10000c08   Section        0  startup_fvp_sse300_mps3.o(.text.SPI_SHIELD0_Handler)
    [Anonymous Symbol]                       0x10000c0c   Section        0  startup_fvp_sse300_mps3.o(.text.SPI_SHIELD1_Handler)
    [Anonymous Symbol]                       0x10000c10   Section        0  startup_fvp_sse300_mps3.o(.text.SVC_Handler)
    [Anonymous Symbol]                       0x10000c14   Section        0  startup_fvp_sse300_mps3.o(.text.SYS_PPU_Handler)
    [Anonymous Symbol]                       0x10000c18   Section        0  startup_fvp_sse300_mps3.o(.text.SecureFault_Handler)
    [Anonymous Symbol]                       0x10000c1c   Section        0  startup_fvp_sse300_mps3.o(.text.SysTick_Handler)
    [Anonymous Symbol]                       0x10000c20   Section        0  system_sse300mps3.o(.text.SystemInit)
    [Anonymous Symbol]                       0x10000c5c   Section        0  startup_fvp_sse300_mps3.o(.text.System_Timestamp_Counter_Handler)
    [Anonymous Symbol]                       0x10000c60   Section        0  startup_fvp_sse300_mps3.o(.text.TIMER0_Handler)
    [Anonymous Symbol]                       0x10000c64   Section        0  startup_fvp_sse300_mps3.o(.text.TIMER1_Handler)
    [Anonymous Symbol]                       0x10000c68   Section        0  startup_fvp_sse300_mps3.o(.text.TIMER2_Handler)
    [Anonymous Symbol]                       0x10000c6c   Section        0  startup_fvp_sse300_mps3.o(.text.TIMER3_Handler)
    [Anonymous Symbol]                       0x10000c70   Section        0  startup_fvp_sse300_mps3.o(.text.TOUCH_SCREEN_Handler)
    [Anonymous Symbol]                       0x10000c74   Section        0  startup_fvp_sse300_mps3.o(.text.UART0_Combined_Handler)
    [Anonymous Symbol]                       0x10000c78   Section        0  startup_fvp_sse300_mps3.o(.text.UART1_Combined_Handler)
    [Anonymous Symbol]                       0x10000c7c   Section        0  startup_fvp_sse300_mps3.o(.text.UART2_Combined_Handler)
    [Anonymous Symbol]                       0x10000c80   Section        0  startup_fvp_sse300_mps3.o(.text.UART3_Combined_Handler)
    [Anonymous Symbol]                       0x10000c84   Section        0  startup_fvp_sse300_mps3.o(.text.UART4_Combined_Handler)
    [Anonymous Symbol]                       0x10000c88   Section        0  startup_fvp_sse300_mps3.o(.text.UART5_Handler)
    [Anonymous Symbol]                       0x10000c8c   Section        0  startup_fvp_sse300_mps3.o(.text.UARTOVF_Handler)
    [Anonymous Symbol]                       0x10000c90   Section        0  startup_fvp_sse300_mps3.o(.text.UARTRX0_Handler)
    [Anonymous Symbol]                       0x10000c94   Section        0  startup_fvp_sse300_mps3.o(.text.UARTRX1_Handler)
    [Anonymous Symbol]                       0x10000c98   Section        0  startup_fvp_sse300_mps3.o(.text.UARTRX2_Handler)
    [Anonymous Symbol]                       0x10000c9c   Section        0  startup_fvp_sse300_mps3.o(.text.UARTRX3_Handler)
    [Anonymous Symbol]                       0x10000ca0   Section        0  startup_fvp_sse300_mps3.o(.text.UARTRX4_Handler)
    [Anonymous Symbol]                       0x10000ca4   Section        0  startup_fvp_sse300_mps3.o(.text.UARTRX5_Handler)
    [Anonymous Symbol]                       0x10000ca8   Section        0  startup_fvp_sse300_mps3.o(.text.UARTTX0_Handler)
    [Anonymous Symbol]                       0x10000cac   Section        0  startup_fvp_sse300_mps3.o(.text.UARTTX1_Handler)
    [Anonymous Symbol]                       0x10000cb0   Section        0  startup_fvp_sse300_mps3.o(.text.UARTTX2_Handler)
    [Anonymous Symbol]                       0x10000cb4   Section        0  startup_fvp_sse300_mps3.o(.text.UARTTX3_Handler)
    [Anonymous Symbol]                       0x10000cb8   Section        0  startup_fvp_sse300_mps3.o(.text.UARTTX4_Handler)
    [Anonymous Symbol]                       0x10000cbc   Section        0  startup_fvp_sse300_mps3.o(.text.UARTTX5_Handler)
    [Anonymous Symbol]                       0x10000cc0   Section        0  startup_fvp_sse300_mps3.o(.text.USB_Handler)
    [Anonymous Symbol]                       0x10000cc4   Section        0  startup_fvp_sse300_mps3.o(.text.UsageFault_Handler)
    [Anonymous Symbol]                       0x10000cc8   Section        0  arm_mps3_io_drv.o(.text.arm_mps3_io_write_leds)
    [Anonymous Symbol]                       0x10000cfc   Section        0  led_port.o(.text.get_led_port_bit_length)
    led_blink                                0x10000d01   Thumb Code    36  blinky.o(.text.led_blink)
    [Anonymous Symbol]                       0x10000d00   Section        0  blinky.o(.text.led_blink)
    [Anonymous Symbol]                       0x10000d24   Section        0  led_port.o(.text.led_port_init)
    led_runner                               0x10000d49   Thumb Code    60  blinky.o(.text.led_runner)
    [Anonymous Symbol]                       0x10000d48   Section        0  blinky.o(.text.led_runner)
    [Anonymous Symbol]                       0x10000d84   Section        0  main.o(.text.main)
    [Anonymous Symbol]                       0x10000d8c   Section        0  serial.o(.text.serial_init)
    [Anonymous Symbol]                       0x10000dac   Section        0  serial.o(.text.serial_print)
    [Anonymous Symbol]                       0x10000dcc   Section        0  led_port.o(.text.set_led_port)
    [Anonymous Symbol]                       0x10000e20   Section        0  syscounter_armv8-m_cntrl_drv.o(.text.syscounter_armv8_m_cntrl_init)
    [Anonymous Symbol]                       0x10000ec0   Section        0  systimer_armv8-m_drv.o(.text.systimer_armv8_m_init)
    [Anonymous Symbol]                       0x10000ef0   Section        0  systimer_armv8-m_drv.o(.text.systimer_armv8_m_is_interrupt_asserted)
    [Anonymous Symbol]                       0x10000efc   Section        0  systimer_armv8-m_drv.o(.text.systimer_armv8_m_set_timer_value)
    [Anonymous Symbol]                       0x10000f04   Section        0  systimer_armv8-m_timeout.o(.text.timeout_delay_is_elapsed)
    [Anonymous Symbol]                       0x10000f30   Section        0  systimer_armv8-m_timeout.o(.text.timeout_init)
    [Anonymous Symbol]                       0x10000fa4   Section        0  uart_cmsdk_drv.o(.text.uart_cmsdk_init)
    [Anonymous Symbol]                       0x10000fd0   Section        0  uart_cmsdk_drv.o(.text.uart_cmsdk_read)
    [Anonymous Symbol]                       0x10000fe4   Section        0  uart_cmsdk_drv.o(.text.uart_cmsdk_rx_ready)
    [Anonymous Symbol]                       0x10000ffc   Section        0  uart_cmsdk_drv.o(.text.uart_cmsdk_set_baudrate)
    [Anonymous Symbol]                       0x1000102c   Section        0  uart_cmsdk_drv.o(.text.uart_cmsdk_tx_ready)
    [Anonymous Symbol]                       0x10001048   Section        0  uart_cmsdk_drv.o(.text.uart_cmsdk_write)
    $v0                                      0x1000105a   Number         0  fpinit_81m.o(x$fpl$fpinit)
    x$fpl$fpinit                             0x1000105a   Section       30  fpinit_81m.o(x$fpl$fpinit)
    SYSCOUNTER_CNTRL_ARMV8_M_DEV_CFG_S       0x100010b0   Data          20  device_definition.o(.rodata.SYSCOUNTER_CNTRL_ARMV8_M_DEV_CFG_S)
    [Anonymous Symbol]                       0x100010b0   Section        0  device_definition.o(.rodata.SYSCOUNTER_CNTRL_ARMV8_M_DEV_CFG_S)
    SYSTIMER0_ARMV8_M_DEV_CFG_S              0x100010c4   Data           8  device_definition.o(.rodata.SYSTIMER0_ARMV8_M_DEV_CFG_S)
    [Anonymous Symbol]                       0x100010c4   Section        0  device_definition.o(.rodata.SYSTIMER0_ARMV8_M_DEV_CFG_S)
    UART0_CMSDK_DEV_CFG_S                    0x100010cc   Data           8  device_definition.o(.rodata.UART0_CMSDK_DEV_CFG_S)
    [Anonymous Symbol]                       0x100010cc   Section        0  device_definition.o(.rodata.UART0_CMSDK_DEV_CFG_S)
    MPS3_IO_DEV_CFG_S                        0x30000000   Data           4  device_definition.o(.data.MPS3_IO_DEV_CFG_S)
    [Anonymous Symbol]                       0x30000000   Section        0  device_definition.o(.data.MPS3_IO_DEV_CFG_S)
    SYSCOUNTER_CNTRL_ARMV8_M_DEV_DATA_S      0x30000028   Data           1  device_definition.o(.bss.SYSCOUNTER_CNTRL_ARMV8_M_DEV_DATA_S)
    [Anonymous Symbol]                       0x30000028   Section        0  device_definition.o(.bss.SYSCOUNTER_CNTRL_ARMV8_M_DEV_DATA_S)
    SYSTIMER0_ARMV8_M_DEV_DATA_S             0x30000029   Data           1  device_definition.o(.bss.SYSTIMER0_ARMV8_M_DEV_DATA_S)
    [Anonymous Symbol]                       0x30000029   Section        0  device_definition.o(.bss.SYSTIMER0_ARMV8_M_DEV_DATA_S)
    UART0_CMSDK_DEV_DATA_S                   0x3000002c   Data          12  device_definition.o(.bss.UART0_CMSDK_DEV_DATA_S)
    [Anonymous Symbol]                       0x3000002c   Section        0  device_definition.o(.bss.UART0_CMSDK_DEV_DATA_S)
    USART0_DEV.1                             0x30000038   Data           4  driver_usart.o(.bss.USART0_DEV.1)
    [Anonymous Symbol]                       0x30000038   Section        0  driver_usart.o(.bss.USART0_DEV.1)
    USART0_DEV.2                             0x3000003c   Data           4  driver_usart.o(.bss.USART0_DEV.2)
    [Anonymous Symbol]                       0x3000003c   Section        0  driver_usart.o(.bss.USART0_DEV.2)
    USART0_DEV.3                             0x30000040   Data           4  driver_usart.o(.bss.USART0_DEV.3)
    [Anonymous Symbol]                       0x30000040   Section        0  driver_usart.o(.bss.USART0_DEV.3)
    delay_in_tick                            0x30000044   Data           4  systimer_armv8-m_timeout.o(.bss.delay_in_tick)
    [Anonymous Symbol]                       0x30000044   Section        0  systimer_armv8-m_timeout.o(.bss.delay_in_tick)
    led_status                               0x30000048   Data           4  led_port.o(.bss.led_status)
    [Anonymous Symbol]                       0x30000048   Section        0  led_port.o(.bss.led_status)
    timeout                                  0x3000004c   Data           8  blinky.o(.bss.timeout)
    [Anonymous Symbol]                       0x3000004c   Section        0  blinky.o(.bss.timeout)

    Global Symbols

    Symbol Name                              Value     Ov Type        Size  Object(Section)

    BuildAttributes$$THM_ISAv4$E$P$D$K$B$S$7EM$v8.1M$VFPv5_D16$PE$MVEf$A:L22UL41UL21$X:L11$S22US41US21$IEEE1$IW$USESV6$~STKCKD$USESV7$~SHL$OTIME$ROPI$UX$STANDARDLIB$REQ8$PRES8$EABIv2 0x00000000   Number         0  anon$$obj.o ABSOLUTE
    Image$$ZI$$Limit                          - Undefined Weak Reference
    __ARM_exceptions_init                     - Undefined Weak Reference
    __alloca_initialize                       - Undefined Weak Reference
    __arm_preinit_                            - Undefined Weak Reference
    __cpp_initialize__aeabi_                  - Undefined Weak Reference
    __cxa_finalize                            - Undefined Weak Reference
    __rt_locale                               - Undefined Weak Reference
    __sigvec_lookup                           - Undefined Weak Reference
    _atexit_init                              - Undefined Weak Reference
    _call_atexit_fns                          - Undefined Weak Reference
    _clock_init                               - Undefined Weak Reference
    _fp_trap_init                             - Undefined Weak Reference
    _fp_trap_shutdown                         - Undefined Weak Reference
    _get_lc_collate                           - Undefined Weak Reference
    _get_lc_ctype                             - Undefined Weak Reference
    _get_lc_monetary                          - Undefined Weak Reference
    _get_lc_numeric                           - Undefined Weak Reference
    _get_lc_time                              - Undefined Weak Reference
    _getenv_init                              - Undefined Weak Reference
    _handle_redirection                       - Undefined Weak Reference
    _init_alloc                               - Undefined Weak Reference
    _init_user_alloc                          - Undefined Weak Reference
    _initio                                   - Undefined Weak Reference
    _rand_init                                - Undefined Weak Reference
    _signal_finish                            - Undefined Weak Reference
    _signal_init                              - Undefined Weak Reference
    _terminate_alloc                          - Undefined Weak Reference
    _terminate_user_alloc                     - Undefined Weak Reference
    _terminateio                              - Undefined Weak Reference
    __Vectors                                0x10000000   Data        1984  startup_fvp_sse300_mps3.o(RESET)
    __main                                   0x100007c1   Thumb Code     8  __main.o(!!!main)
    __scatterload                            0x100007c9   Thumb Code     0  __scatter.o(!!!scatter)
    __scatterload_rt2                        0x100007c9   Thumb Code    44  __scatter.o(!!!scatter)
    __scatterload_rt2_thumb_only             0x100007c9   Thumb Code     0  __scatter.o(!!!scatter)
    __scatterload_null                       0x100007d7   Thumb Code     0  __scatter.o(!!!scatter)
    __scatterload_copy                       0x100007fd   Thumb Code    26  __scatter_copy.o(!!handler_copy)
    __scatterload_zeroinit                   0x10000819   Thumb Code    28  __scatter_zi.o(!!handler_zi)
    __rt_lib_init                            0x10000835   Thumb Code     0  libinit.o(.ARM.Collect$$libinit$$00000000)
    __rt_lib_init_fp_1                       0x10000837   Thumb Code     0  libinit2.o(.ARM.Collect$$libinit$$00000001)
    __rt_lib_init_alloca_1                   0x1000083b   Thumb Code     0  libinit2.o(.ARM.Collect$$libinit$$0000002E)
    __rt_lib_init_argv_1                     0x1000083b   Thumb Code     0  libinit2.o(.ARM.Collect$$libinit$$0000002C)
    __rt_lib_init_atexit_1                   0x1000083b   Thumb Code     0  libinit2.o(.ARM.Collect$$libinit$$0000001B)
    __rt_lib_init_clock_1                    0x1000083b   Thumb Code     0  libinit2.o(.ARM.Collect$$libinit$$00000021)
    __rt_lib_init_cpp_1                      0x1000083b   Thumb Code     0  libinit2.o(.ARM.Collect$$libinit$$00000032)
    __rt_lib_init_exceptions_1               0x1000083b   Thumb Code     0  libinit2.o(.ARM.Collect$$libinit$$00000030)
    __rt_lib_init_fp_trap_1                  0x1000083b   Thumb Code     0  libinit2.o(.ARM.Collect$$libinit$$0000001F)
    __rt_lib_init_getenv_1                   0x1000083b   Thumb Code     0  libinit2.o(.ARM.Collect$$libinit$$00000023)
    __rt_lib_init_heap_1                     0x1000083b   Thumb Code     0  libinit2.o(.ARM.Collect$$libinit$$0000000A)
    __rt_lib_init_lc_collate_1               0x1000083b   Thumb Code     0  libinit2.o(.ARM.Collect$$libinit$$00000011)
    __rt_lib_init_lc_ctype_1                 0x1000083b   Thumb Code     0  libinit2.o(.ARM.Collect$$libinit$$00000013)
    __rt_lib_init_lc_monetary_1              0x1000083b   Thumb Code     0  libinit2.o(.ARM.Collect$$libinit$$00000015)
    __rt_lib_init_lc_numeric_1               0x1000083b   Thumb Code     0  libinit2.o(.ARM.Collect$$libinit$$00000017)
    __rt_lib_init_lc_time_1                  0x1000083b   Thumb Code     0  libinit2.o(.ARM.Collect$$libinit$$00000019)
    __rt_lib_init_preinit_1                  0x1000083b   Thumb Code     0  libinit2.o(.ARM.Collect$$libinit$$00000004)
    __rt_lib_init_rand_1                     0x1000083b   Thumb Code     0  libinit2.o(.ARM.Collect$$libinit$$0000000E)
    __rt_lib_init_return                     0x1000083b   Thumb Code     0  libinit2.o(.ARM.Collect$$libinit$$00000033)
    __rt_lib_init_signal_1                   0x1000083b   Thumb Code     0  libinit2.o(.ARM.Collect$$libinit$$0000001D)
    __rt_lib_init_stdio_1                    0x1000083b   Thumb Code     0  libinit2.o(.ARM.Collect$$libinit$$00000025)
    __rt_lib_init_user_alloc_1               0x1000083b   Thumb Code     0  libinit2.o(.ARM.Collect$$libinit$$0000000C)
    __rt_lib_shutdown                        0x1000083d   Thumb Code     0  libshutdown.o(.ARM.Collect$$libshutdown$$00000000)
    __rt_lib_shutdown_cpp_1                  0x1000083f   Thumb Code     0  libshutdown2.o(.ARM.Collect$$libshutdown$$00000002)
    __rt_lib_shutdown_fp_trap_1              0x1000083f   Thumb Code     0  libshutdown2.o(.ARM.Collect$$libshutdown$$00000007)
    __rt_lib_shutdown_heap_1                 0x1000083f   Thumb Code     0  libshutdown2.o(.ARM.Collect$$libshutdown$$0000000F)
    __rt_lib_shutdown_return                 0x1000083f   Thumb Code     0  libshutdown2.o(.ARM.Collect$$libshutdown$$00000010)
    __rt_lib_shutdown_signal_1               0x1000083f   Thumb Code     0  libshutdown2.o(.ARM.Collect$$libshutdown$$0000000A)
    __rt_lib_shutdown_stdio_1                0x1000083f   Thumb Code     0  libshutdown2.o(.ARM.Collect$$libshutdown$$00000004)
    __rt_lib_shutdown_user_alloc_1           0x1000083f   Thumb Code     0  libshutdown2.o(.ARM.Collect$$libshutdown$$0000000C)
    __rt_entry                               0x10000841   Thumb Code     0  __rtentry.o(.ARM.Collect$$rtentry$$00000000)
    __rt_entry_presh_1                       0x10000841   Thumb Code     0  __rtentry2.o(.ARM.Collect$$rtentry$$00000002)
    __rt_entry_sh                            0x10000841   Thumb Code     0  __rtentry7.o(.ARM.Collect$$rtentry$$00000007)
    __rt_entry_li                            0x10000845   Thumb Code     0  __rtentry2.o(.ARM.Collect$$rtentry$$0000000A)
    __rt_entry_postsh_1                      0x10000845   Thumb Code     0  __rtentry2.o(.ARM.Collect$$rtentry$$00000009)
    __rt_entry_main                          0x10000849   Thumb Code     0  __rtentry2.o(.ARM.Collect$$rtentry$$0000000D)
    __rt_entry_postli_1                      0x10000849   Thumb Code     0  __rtentry2.o(.ARM.Collect$$rtentry$$0000000C)
    __rt_exit                                0x10000855   Thumb Code     0  rtexit.o(.ARM.Collect$$rtexit$$00000000)
    __rt_exit_ls                             0x10000857   Thumb Code     0  rtexit2.o(.ARM.Collect$$rtexit$$00000003)
    __rt_exit_prels_1                        0x10000857   Thumb Code     0  rtexit2.o(.ARM.Collect$$rtexit$$00000002)
    __rt_exit_exit                           0x1000085b   Thumb Code     0  rtexit2.o(.ARM.Collect$$rtexit$$00000004)
    strlen                                   0x10000861   Thumb Code    62  strlen.o(.text)
    exit                                     0x1000089f   Thumb Code    18  exit.o(.text)
    __I$use$semihosting                      0x100008b1   Thumb Code     0  use_no_semi.o(.text)
    __use_no_semihosting_swi                 0x100008b1   Thumb Code     2  use_no_semi.o(.text)
    __semihosting_library_function           0x100008b3   Thumb Code     0  indicate_semi.o(.text)
    _sys_exit                                0x100008b5   Thumb Code     8  sys_exit.o(.text)
    BRIDGE_ERROR_Handler                     0x10000a41   Thumb Code     2  startup_fvp_sse300_mps3.o(.text.BRIDGE_ERROR_Handler)
    Blinky                                   0x10000a45   Thumb Code    60  blinky.o(.text.Blinky)
    BusFault_Handler                         0x10000ac1   Thumb Code     2  startup_fvp_sse300_mps3.o(.text.BusFault_Handler)
    CPU0_PPU_Handler                         0x10000ac5   Thumb Code     2  startup_fvp_sse300_mps3.o(.text.CPU0_PPU_Handler)
    CTI_REQ0_IRQHandler                      0x10000ac9   Thumb Code     2  startup_fvp_sse300_mps3.o(.text.CTI_REQ0_IRQHandler)
    CTI_REQ1_IRQHandler                      0x10000acd   Thumb Code     2  startup_fvp_sse300_mps3.o(.text.CTI_REQ1_IRQHandler)
    DEBUG_PPU_Handler                        0x10000ad1   Thumb Code     2  startup_fvp_sse300_mps3.o(.text.DEBUG_PPU_Handler)
    DebugMon_Handler                         0x10000ad5   Thumb Code     2  startup_fvp_sse300_mps3.o(.text.DebugMon_Handler)
    ETHERNET_Handler                         0x10000ad9   Thumb Code     2  startup_fvp_sse300_mps3.o(.text.ETHERNET_Handler)
    ETHOS_U55_Handler                        0x10000add   Thumb Code     2  startup_fvp_sse300_mps3.o(.text.ETHOS_U55_Handler)
    GPIO0_0_Handler                          0x10000ae1   Thumb Code     2  startup_fvp_sse300_mps3.o(.text.GPIO0_0_Handler)
    GPIO0_10_Handler                         0x10000ae5   Thumb Code     2  startup_fvp_sse300_mps3.o(.text.GPIO0_10_Handler)
    GPIO0_11_Handler                         0x10000ae9   Thumb Code     2  startup_fvp_sse300_mps3.o(.text.GPIO0_11_Handler)
    GPIO0_12_Handler                         0x10000aed   Thumb Code     2  startup_fvp_sse300_mps3.o(.text.GPIO0_12_Handler)
    GPIO0_13_Handler                         0x10000af1   Thumb Code     2  startup_fvp_sse300_mps3.o(.text.GPIO0_13_Handler)
    GPIO0_14_Handler                         0x10000af5   Thumb Code     2  startup_fvp_sse300_mps3.o(.text.GPIO0_14_Handler)
    GPIO0_15_Handler                         0x10000af9   Thumb Code     2  startup_fvp_sse300_mps3.o(.text.GPIO0_15_Handler)
    GPIO0_1_Handler                          0x10000afd   Thumb Code     2  startup_fvp_sse300_mps3.o(.text.GPIO0_1_Handler)
    GPIO0_2_Handler                          0x10000b01   Thumb Code     2  startup_fvp_sse300_mps3.o(.text.GPIO0_2_Handler)
    GPIO0_3_Handler                          0x10000b05   Thumb Code     2  startup_fvp_sse300_mps3.o(.text.GPIO0_3_Handler)
    GPIO0_4_Handler                          0x10000b09   Thumb Code     2  startup_fvp_sse300_mps3.o(.text.GPIO0_4_Handler)
    GPIO0_5_Handler                          0x10000b0d   Thumb Code     2  startup_fvp_sse300_mps3.o(.text.GPIO0_5_Handler)
    GPIO0_6_Handler                          0x10000b11   Thumb Code     2  startup_fvp_sse300_mps3.o(.text.GPIO0_6_Handler)
    GPIO0_7_Handler                          0x10000b15   Thumb Code     2  startup_fvp_sse300_mps3.o(.text.GPIO0_7_Handler)
    GPIO0_8_Handler                          0x10000b19   Thumb Code     2  startup_fvp_sse300_mps3.o(.text.GPIO0_8_Handler)
    GPIO0_9_Handler                          0x10000b1d   Thumb Code     2  startup_fvp_sse300_mps3.o(.text.GPIO0_9_Handler)
    GPIO0_Combined_Handler                   0x10000b21   Thumb Code     2  startup_fvp_sse300_mps3.o(.text.GPIO0_Combined_Handler)
    GPIO1_0_Handler                          0x10000b25   Thumb Code     2  startup_fvp_sse300_mps3.o(.text.GPIO1_0_Handler)
    GPIO1_10_Handler                         0x10000b29   Thumb Code     2  startup_fvp_sse300_mps3.o(.text.GPIO1_10_Handler)
    GPIO1_11_Handler                         0x10000b2d   Thumb Code     2  startup_fvp_sse300_mps3.o(.text.GPIO1_11_Handler)
    GPIO1_12_Handler                         0x10000b31   Thumb Code     2  startup_fvp_sse300_mps3.o(.text.GPIO1_12_Handler)
    GPIO1_13_Handler                         0x10000b35   Thumb Code     2  startup_fvp_sse300_mps3.o(.text.GPIO1_13_Handler)
    GPIO1_14_Handler                         0x10000b39   Thumb Code     2  startup_fvp_sse300_mps3.o(.text.GPIO1_14_Handler)
    GPIO1_15_Handler                         0x10000b3d   Thumb Code     2  startup_fvp_sse300_mps3.o(.text.GPIO1_15_Handler)
    GPIO1_1_Handler                          0x10000b41   Thumb Code     2  startup_fvp_sse300_mps3.o(.text.GPIO1_1_Handler)
    GPIO1_2_Handler                          0x10000b45   Thumb Code     2  startup_fvp_sse300_mps3.o(.text.GPIO1_2_Handler)
    GPIO1_3_Handler                          0x10000b49   Thumb Code     2  startup_fvp_sse300_mps3.o(.text.GPIO1_3_Handler)
    GPIO1_4_Handler                          0x10000b4d   Thumb Code     2  startup_fvp_sse300_mps3.o(.text.GPIO1_4_Handler)
    GPIO1_5_Handler                          0x10000b51   Thumb Code     2  startup_fvp_sse300_mps3.o(.text.GPIO1_5_Handler)
    GPIO1_6_Handler                          0x10000b55   Thumb Code     2  startup_fvp_sse300_mps3.o(.text.GPIO1_6_Handler)
    GPIO1_7_Handler                          0x10000b59   Thumb Code     2  startup_fvp_sse300_mps3.o(.text.GPIO1_7_Handler)
    GPIO1_8_Handler                          0x10000b5d   Thumb Code     2  startup_fvp_sse300_mps3.o(.text.GPIO1_8_Handler)
    GPIO1_9_Handler                          0x10000b61   Thumb Code     2  startup_fvp_sse300_mps3.o(.text.GPIO1_9_Handler)
    GPIO1_Combined_Handler                   0x10000b65   Thumb Code     2  startup_fvp_sse300_mps3.o(.text.GPIO1_Combined_Handler)
    GPIO2_0_Handler                          0x10000b69   Thumb Code     2  startup_fvp_sse300_mps3.o(.text.GPIO2_0_Handler)
    GPIO2_10_Handler                         0x10000b6d   Thumb Code     2  startup_fvp_sse300_mps3.o(.text.GPIO2_10_Handler)
    GPIO2_11_Handler                         0x10000b71   Thumb Code     2  startup_fvp_sse300_mps3.o(.text.GPIO2_11_Handler)
    GPIO2_12_Handler                         0x10000b75   Thumb Code     2  startup_fvp_sse300_mps3.o(.text.GPIO2_12_Handler)
    GPIO2_13_Handler                         0x10000b79   Thumb Code     2  startup_fvp_sse300_mps3.o(.text.GPIO2_13_Handler)
    GPIO2_14_Handler                         0x10000b7d   Thumb Code     2  startup_fvp_sse300_mps3.o(.text.GPIO2_14_Handler)
    GPIO2_15_Handler                         0x10000b81   Thumb Code     2  startup_fvp_sse300_mps3.o(.text.GPIO2_15_Handler)
    GPIO2_1_Handler                          0x10000b85   Thumb Code     2  startup_fvp_sse300_mps3.o(.text.GPIO2_1_Handler)
    GPIO2_2_Handler                          0x10000b89   Thumb Code     2  startup_fvp_sse300_mps3.o(.text.GPIO2_2_Handler)
    GPIO2_3_Handler                          0x10000b8d   Thumb Code     2  startup_fvp_sse300_mps3.o(.text.GPIO2_3_Handler)
    GPIO2_4_Handler                          0x10000b91   Thumb Code     2  startup_fvp_sse300_mps3.o(.text.GPIO2_4_Handler)
    GPIO2_5_Handler                          0x10000b95   Thumb Code     2  startup_fvp_sse300_mps3.o(.text.GPIO2_5_Handler)
    GPIO2_6_Handler                          0x10000b99   Thumb Code     2  startup_fvp_sse300_mps3.o(.text.GPIO2_6_Handler)
    GPIO2_7_Handler                          0x10000b9d   Thumb Code     2  startup_fvp_sse300_mps3.o(.text.GPIO2_7_Handler)
    GPIO2_8_Handler                          0x10000ba1   Thumb Code     2  startup_fvp_sse300_mps3.o(.text.GPIO2_8_Handler)
    GPIO2_9_Handler                          0x10000ba5   Thumb Code     2  startup_fvp_sse300_mps3.o(.text.GPIO2_9_Handler)
    GPIO2_Combined_Handler                   0x10000ba9   Thumb Code     2  startup_fvp_sse300_mps3.o(.text.GPIO2_Combined_Handler)
    GPIO3_0_Handler                          0x10000bad   Thumb Code     2  startup_fvp_sse300_mps3.o(.text.GPIO3_0_Handler)
    GPIO3_1_Handler                          0x10000bb1   Thumb Code     2  startup_fvp_sse300_mps3.o(.text.GPIO3_1_Handler)
    GPIO3_2_Handler                          0x10000bb5   Thumb Code     2  startup_fvp_sse300_mps3.o(.text.GPIO3_2_Handler)
    GPIO3_3_Handler                          0x10000bb9   Thumb Code     2  startup_fvp_sse300_mps3.o(.text.GPIO3_3_Handler)
    GPIO3_Combined_Handler                   0x10000bbd   Thumb Code     2  startup_fvp_sse300_mps3.o(.text.GPIO3_Combined_Handler)
    HardFault_Handler                        0x10000bc1   Thumb Code     2  startup_fvp_sse300_mps3.o(.text.HardFault_Handler)
    I2S_Handler                              0x10000bc5   Thumb Code     2  startup_fvp_sse300_mps3.o(.text.I2S_Handler)
    MGMT_PPU_Handler                         0x10000bc9   Thumb Code     2  startup_fvp_sse300_mps3.o(.text.MGMT_PPU_Handler)
    MPC_Handler                              0x10000bcd   Thumb Code     2  startup_fvp_sse300_mps3.o(.text.MPC_Handler)
    MSC_Handler                              0x10000bd1   Thumb Code     2  startup_fvp_sse300_mps3.o(.text.MSC_Handler)
    MemManage_Handler                        0x10000bd5   Thumb Code     2  startup_fvp_sse300_mps3.o(.text.MemManage_Handler)
    NMI_Handler                              0x10000bd9   Thumb Code     2  startup_fvp_sse300_mps3.o(.text.NMI_Handler)
    NONSEC_WATCHDOG_Handler                  0x10000bdd   Thumb Code     2  startup_fvp_sse300_mps3.o(.text.NONSEC_WATCHDOG_Handler)
    NONSEC_WATCHDOG_RESET_Handler            0x10000be1   Thumb Code     2  startup_fvp_sse300_mps3.o(.text.NONSEC_WATCHDOG_RESET_Handler)
    PPC_Handler                              0x10000be5   Thumb Code     2  startup_fvp_sse300_mps3.o(.text.PPC_Handler)
    PendSV_Handler                           0x10000be9   Thumb Code     2  startup_fvp_sse300_mps3.o(.text.PendSV_Handler)
    Reset_Handler                            0x10000bed   Thumb Code    20  startup_fvp_sse300_mps3.o(.text.Reset_Handler)
    SLOWCLK_Timer_Handler                    0x10000c01   Thumb Code     2  startup_fvp_sse300_mps3.o(.text.SLOWCLK_Timer_Handler)
    SPI_ADC_Handler                          0x10000c05   Thumb Code     2  startup_fvp_sse300_mps3.o(.text.SPI_ADC_Handler)
    SPI_SHIELD0_Handler                      0x10000c09   Thumb Code     2  startup_fvp_sse300_mps3.o(.text.SPI_SHIELD0_Handler)
    SPI_SHIELD1_Handler                      0x10000c0d   Thumb Code     2  startup_fvp_sse300_mps3.o(.text.SPI_SHIELD1_Handler)
    SVC_Handler                              0x10000c11   Thumb Code     2  startup_fvp_sse300_mps3.o(.text.SVC_Handler)
    SYS_PPU_Handler                          0x10000c15   Thumb Code     2  startup_fvp_sse300_mps3.o(.text.SYS_PPU_Handler)
    SecureFault_Handler                      0x10000c19   Thumb Code     2  startup_fvp_sse300_mps3.o(.text.SecureFault_Handler)
    SysTick_Handler                          0x10000c1d   Thumb Code     2  startup_fvp_sse300_mps3.o(.text.SysTick_Handler)
    SystemInit                               0x10000c21   Thumb Code    58  system_sse300mps3.o(.text.SystemInit)
    System_Timestamp_Counter_Handler         0x10000c5d   Thumb Code     2  startup_fvp_sse300_mps3.o(.text.System_Timestamp_Counter_Handler)
    TIMER0_Handler                           0x10000c61   Thumb Code     2  startup_fvp_sse300_mps3.o(.text.TIMER0_Handler)
    TIMER1_Handler                           0x10000c65   Thumb Code     2  startup_fvp_sse300_mps3.o(.text.TIMER1_Handler)
    TIMER2_Handler                           0x10000c69   Thumb Code     2  startup_fvp_sse300_mps3.o(.text.TIMER2_Handler)
    TIMER3_Handler                           0x10000c6d   Thumb Code     2  startup_fvp_sse300_mps3.o(.text.TIMER3_Handler)
    TOUCH_SCREEN_Handler                     0x10000c71   Thumb Code     2  startup_fvp_sse300_mps3.o(.text.TOUCH_SCREEN_Handler)
    UART0_Combined_Handler                   0x10000c75   Thumb Code     2  startup_fvp_sse300_mps3.o(.text.UART0_Combined_Handler)
    UART1_Combined_Handler                   0x10000c79   Thumb Code     2  startup_fvp_sse300_mps3.o(.text.UART1_Combined_Handler)
    UART2_Combined_Handler                   0x10000c7d   Thumb Code     2  startup_fvp_sse300_mps3.o(.text.UART2_Combined_Handler)
    UART3_Combined_Handler                   0x10000c81   Thumb Code     2  startup_fvp_sse300_mps3.o(.text.UART3_Combined_Handler)
    UART4_Combined_Handler                   0x10000c85   Thumb Code     2  startup_fvp_sse300_mps3.o(.text.UART4_Combined_Handler)
    UART5_Handler                            0x10000c89   Thumb Code     2  startup_fvp_sse300_mps3.o(.text.UART5_Handler)
    UARTOVF_Handler                          0x10000c8d   Thumb Code     2  startup_fvp_sse300_mps3.o(.text.UARTOVF_Handler)
    UARTRX0_Handler                          0x10000c91   Thumb Code     2  startup_fvp_sse300_mps3.o(.text.UARTRX0_Handler)
    UARTRX1_Handler                          0x10000c95   Thumb Code     2  startup_fvp_sse300_mps3.o(.text.UARTRX1_Handler)
    UARTRX2_Handler                          0x10000c99   Thumb Code     2  startup_fvp_sse300_mps3.o(.text.UARTRX2_Handler)
    UARTRX3_Handler                          0x10000c9d   Thumb Code     2  startup_fvp_sse300_mps3.o(.text.UARTRX3_Handler)
    UARTRX4_Handler                          0x10000ca1   Thumb Code     2  startup_fvp_sse300_mps3.o(.text.UARTRX4_Handler)
    UARTRX5_Handler                          0x10000ca5   Thumb Code     2  startup_fvp_sse300_mps3.o(.text.UARTRX5_Handler)
    UARTTX0_Handler                          0x10000ca9   Thumb Code     2  startup_fvp_sse300_mps3.o(.text.UARTTX0_Handler)
    UARTTX1_Handler                          0x10000cad   Thumb Code     2  startup_fvp_sse300_mps3.o(.text.UARTTX1_Handler)
    UARTTX2_Handler                          0x10000cb1   Thumb Code     2  startup_fvp_sse300_mps3.o(.text.UARTTX2_Handler)
    UARTTX3_Handler                          0x10000cb5   Thumb Code     2  startup_fvp_sse300_mps3.o(.text.UARTTX3_Handler)
    UARTTX4_Handler                          0x10000cb9   Thumb Code     2  startup_fvp_sse300_mps3.o(.text.UARTTX4_Handler)
    UARTTX5_Handler                          0x10000cbd   Thumb Code     2  startup_fvp_sse300_mps3.o(.text.UARTTX5_Handler)
    USB_Handler                              0x10000cc1   Thumb Code     2  startup_fvp_sse300_mps3.o(.text.USB_Handler)
    UsageFault_Handler                       0x10000cc5   Thumb Code     2  startup_fvp_sse300_mps3.o(.text.UsageFault_Handler)
    arm_mps3_io_write_leds                   0x10000cc9   Thumb Code    52  arm_mps3_io_drv.o(.text.arm_mps3_io_write_leds)
    get_led_port_bit_length                  0x10000cfd   Thumb Code     4  led_port.o(.text.get_led_port_bit_length)
    led_port_init                            0x10000d25   Thumb Code    34  led_port.o(.text.led_port_init)
    main                                     0x10000d85   Thumb Code     8  main.o(.text.main)
    serial_init                              0x10000d8d   Thumb Code    32  serial.o(.text.serial_init)
    serial_print                             0x10000dad   Thumb Code    30  serial.o(.text.serial_print)
    set_led_port                             0x10000dcd   Thumb Code    84  led_port.o(.text.set_led_port)
    syscounter_armv8_m_cntrl_init            0x10000e21   Thumb Code   160  syscounter_armv8-m_cntrl_drv.o(.text.syscounter_armv8_m_cntrl_init)
    systimer_armv8_m_init                    0x10000ec1   Thumb Code    48  systimer_armv8-m_drv.o(.text.systimer_armv8_m_init)
    systimer_armv8_m_is_interrupt_asserted   0x10000ef1   Thumb Code    12  systimer_armv8-m_drv.o(.text.systimer_armv8_m_is_interrupt_asserted)
    systimer_armv8_m_set_timer_value         0x10000efd   Thumb Code     8  systimer_armv8-m_drv.o(.text.systimer_armv8_m_set_timer_value)
    timeout_delay_is_elapsed                 0x10000f05   Thumb Code    42  systimer_armv8-m_timeout.o(.text.timeout_delay_is_elapsed)
    timeout_init                             0x10000f31   Thumb Code   116  systimer_armv8-m_timeout.o(.text.timeout_init)
    uart_cmsdk_init                          0x10000fa5   Thumb Code    44  uart_cmsdk_drv.o(.text.uart_cmsdk_init)
    uart_cmsdk_read                          0x10000fd1   Thumb Code    20  uart_cmsdk_drv.o(.text.uart_cmsdk_read)
    uart_cmsdk_rx_ready                      0x10000fe5   Thumb Code    24  uart_cmsdk_drv.o(.text.uart_cmsdk_rx_ready)
    uart_cmsdk_set_baudrate                  0x10000ffd   Thumb Code    48  uart_cmsdk_drv.o(.text.uart_cmsdk_set_baudrate)
    uart_cmsdk_tx_ready                      0x1000102d   Thumb Code    26  uart_cmsdk_drv.o(.text.uart_cmsdk_tx_ready)
    uart_cmsdk_write                         0x10001049   Thumb Code    18  uart_cmsdk_drv.o(.text.uart_cmsdk_write)
    _fp_init                                 0x1000105b   Thumb Code    30  fpinit_81m.o(x$fpl$fpinit)
    __fplib_config_fpu_vfp                   0x10001077   Thumb Code     0  fpinit_81m.o(x$fpl$fpinit)
    __fplib_config_pureend_doubles           0x10001077   Thumb Code     0  fpinit_81m.o(x$fpl$fpinit)
    Driver_USART0                            0x10001078   Data          56  driver_usart.o(.rodata.Driver_USART0)
    Region$$Table$$Base                      0x100010d4   Number         0  anon$$obj.o(Region$$Table)
    Region$$Table$$Limit                     0x100010f4   Number         0  anon$$obj.o(Region$$Table)
    MPS3_IO_DEV_S                            0x30000004   Data           4  device_definition.o(.data.MPS3_IO_DEV_S)
    PeripheralClock                          0x30000008   Data           4  system_sse300mps3.o(.data.PeripheralClock)
    SYSCOUNTER_CNTRL_ARMV8_M_DEV_S           0x3000000c   Data           8  device_definition.o(.data.SYSCOUNTER_CNTRL_ARMV8_M_DEV_S)
    SYSTIMER0_ARMV8_M_DEV_S                  0x30000014   Data           8  device_definition.o(.data.SYSTIMER0_ARMV8_M_DEV_S)
    SystemCoreClock                          0x3000001c   Data           4  system_sse300mps3.o(.data.SystemCoreClock)
    UART0_CMSDK_DEV_S                        0x30000020   Data           8  device_definition.o(.data.UART0_CMSDK_DEV_S)
    Image$$ARM_LIB_HEAP$$ZI$$Base            0x30000058   Number         0  anon$$obj.o ABSOLUTE
    Image$$ARM_LIB_HEAP$$ZI$$Limit           0x30000458   Number         0  anon$$obj.o ABSOLUTE
    Image$$ARM_LIB_STACK$$ZI$$Base           0x30000460   Number         0  anon$$obj.o ABSOLUTE
    Image$$ARM_LIB_STACK$$ZI$$Limit          0x30000860   Number         0  anon$$obj.o ABSOLUTE



==============================================================================

Memory Map of the image

  Image Entry point : 0x100007c1

  Load Region LR_CODE (Base: 0x10000000, Size: 0x00001140, Max: 0xffffffff, ABSOLUTE)

    Execution Region ER_CODE (Exec base: 0x10000000, Load base: 0x10000000, Size: 0x000010f4, Max: 0xffffffff, ABSOLUTE)

    Exec Addr    Load Addr    Size         Type   Attr      Idx    E Section Name        Object

    0x10000000   0x10000000   0x000007c0   Data   RO          783    RESET               startup_fvp_sse300_mps3.o
    0x100007c0   0x100007c0   0x00000008   Code   RO         1314  * !!!main             c_w.l(__main.o)
    0x100007c8   0x100007c8   0x00000034   Code   RO         1490    !!!scatter          c_w.l(__scatter.o)
    0x100007fc   0x100007fc   0x0000001a   Code   RO         1492    !!handler_copy      c_w.l(__scatter_copy.o)
    0x10000816   0x10000816   0x00000002   PAD
    0x10000818   0x10000818   0x0000001c   Code   RO         1494    !!handler_zi        c_w.l(__scatter_zi.o)
    0x10000834   0x10000834   0x00000002   Code   RO         1346    .ARM.Collect$$libinit$$00000000  c_w.l(libinit.o)
    0x10000836   0x10000836   0x00000004   Code   RO         1356    .ARM.Collect$$libinit$$00000001  c_w.l(libinit2.o)
    0x1000083a   0x1000083a   0x00000000   Code   RO         1359    .ARM.Collect$$libinit$$00000004  c_w.l(libinit2.o)
    0x1000083a   0x1000083a   0x00000000   Code   RO         1362    .ARM.Collect$$libinit$$0000000A  c_w.l(libinit2.o)
    0x1000083a   0x1000083a   0x00000000   Code   RO         1364    .ARM.Collect$$libinit$$0000000C  c_w.l(libinit2.o)
    0x1000083a   0x1000083a   0x00000000   Code   RO         1366    .ARM.Collect$$libinit$$0000000E  c_w.l(libinit2.o)
    0x1000083a   0x1000083a   0x00000000   Code   RO         1369    .ARM.Collect$$libinit$$00000011  c_w.l(libinit2.o)
    0x1000083a   0x1000083a   0x00000000   Code   RO         1371    .ARM.Collect$$libinit$$00000013  c_w.l(libinit2.o)
    0x1000083a   0x1000083a   0x00000000   Code   RO         1373    .ARM.Collect$$libinit$$00000015  c_w.l(libinit2.o)
    0x1000083a   0x1000083a   0x00000000   Code   RO         1375    .ARM.Collect$$libinit$$00000017  c_w.l(libinit2.o)
    0x1000083a   0x1000083a   0x00000000   Code   RO         1377    .ARM.Collect$$libinit$$00000019  c_w.l(libinit2.o)
    0x1000083a   0x1000083a   0x00000000   Code   RO         1379    .ARM.Collect$$libinit$$0000001B  c_w.l(libinit2.o)
    0x1000083a   0x1000083a   0x00000000   Code   RO         1381    .ARM.Collect$$libinit$$0000001D  c_w.l(libinit2.o)
    0x1000083a   0x1000083a   0x00000000   Code   RO         1383    .ARM.Collect$$libinit$$0000001F  c_w.l(libinit2.o)
    0x1000083a   0x1000083a   0x00000000   Code   RO         1385    .ARM.Collect$$libinit$$00000021  c_w.l(libinit2.o)
    0x1000083a   0x1000083a   0x00000000   Code   RO         1387    .ARM.Collect$$libinit$$00000023  c_w.l(libinit2.o)
    0x1000083a   0x1000083a   0x00000000   Code   RO         1389    .ARM.Collect$$libinit$$00000025  c_w.l(libinit2.o)
    0x1000083a   0x1000083a   0x00000000   Code   RO         1393    .ARM.Collect$$libinit$$0000002C  c_w.l(libinit2.o)
    0x1000083a   0x1000083a   0x00000000   Code   RO         1395    .ARM.Collect$$libinit$$0000002E  c_w.l(libinit2.o)
    0x1000083a   0x1000083a   0x00000000   Code   RO         1397    .ARM.Collect$$libinit$$00000030  c_w.l(libinit2.o)
    0x1000083a   0x1000083a   0x00000000   Code   RO         1399    .ARM.Collect$$libinit$$00000032  c_w.l(libinit2.o)
    0x1000083a   0x1000083a   0x00000002   Code   RO         1400    .ARM.Collect$$libinit$$00000033  c_w.l(libinit2.o)
    0x1000083c   0x1000083c   0x00000002   Code   RO         1429    .ARM.Collect$$libshutdown$$00000000  c_w.l(libshutdown.o)
    0x1000083e   0x1000083e   0x00000000   Code   RO         1441    .ARM.Collect$$libshutdown$$00000002  c_w.l(libshutdown2.o)
    0x1000083e   0x1000083e   0x00000000   Code   RO         1443    .ARM.Collect$$libshutdown$$00000004  c_w.l(libshutdown2.o)
    0x1000083e   0x1000083e   0x00000000   Code   RO         1446    .ARM.Collect$$libshutdown$$00000007  c_w.l(libshutdown2.o)
    0x1000083e   0x1000083e   0x00000000   Code   RO         1449    .ARM.Collect$$libshutdown$$0000000A  c_w.l(libshutdown2.o)
    0x1000083e   0x1000083e   0x00000000   Code   RO         1451    .ARM.Collect$$libshutdown$$0000000C  c_w.l(libshutdown2.o)
    0x1000083e   0x1000083e   0x00000000   Code   RO         1454    .ARM.Collect$$libshutdown$$0000000F  c_w.l(libshutdown2.o)
    0x1000083e   0x1000083e   0x00000002   Code   RO         1455    .ARM.Collect$$libshutdown$$00000010  c_w.l(libshutdown2.o)
    0x10000840   0x10000840   0x00000000   Code   RO         1316    .ARM.Collect$$rtentry$$00000000  c_w.l(__rtentry.o)
    0x10000840   0x10000840   0x00000000   Code   RO         1318    .ARM.Collect$$rtentry$$00000002  c_w.l(__rtentry2.o)
    0x10000840   0x10000840   0x00000004   Code   RO         1332    .ARM.Collect$$rtentry$$00000007  c_w.l(__rtentry7.o)
    0x10000844   0x10000844   0x00000000   Code   RO         1320    .ARM.Collect$$rtentry$$00000009  c_w.l(__rtentry2.o)
    0x10000844   0x10000844   0x00000004   Code   RO         1321    .ARM.Collect$$rtentry$$0000000A  c_w.l(__rtentry2.o)
    0x10000848   0x10000848   0x00000000   Code   RO         1323    .ARM.Collect$$rtentry$$0000000C  c_w.l(__rtentry2.o)
    0x10000848   0x10000848   0x00000008   Code   RO         1324    .ARM.Collect$$rtentry$$0000000D  c_w.l(__rtentry2.o)
    0x10000850   0x10000850   0x00000004   Code   RO         1333    .ARM.Collect$$rtentry$$00002718  c_w.l(__rtentry7.o)
    0x10000854   0x10000854   0x00000002   Code   RO         1354    .ARM.Collect$$rtexit$$00000000  c_w.l(rtexit.o)
    0x10000856   0x10000856   0x00000000   Code   RO         1409    .ARM.Collect$$rtexit$$00000002  c_w.l(rtexit2.o)
    0x10000856   0x10000856   0x00000004   Code   RO         1410    .ARM.Collect$$rtexit$$00000003  c_w.l(rtexit2.o)
    0x1000085a   0x1000085a   0x00000006   Code   RO         1411    .ARM.Collect$$rtexit$$00000004  c_w.l(rtexit2.o)
    0x10000860   0x10000860   0x0000003e   Code   RO         1312    .text               c_w.l(strlen.o)
    0x1000089e   0x1000089e   0x00000012   Code   RO         1339    .text               c_w.l(exit.o)
    0x100008b0   0x100008b0   0x00000002   Code   RO         1405    .text               c_w.l(use_no_semi.o)
    0x100008b2   0x100008b2   0x00000000   Code   RO         1407    .text               c_w.l(indicate_semi.o)
    0x100008b2   0x100008b2   0x00000002   PAD
    0x100008b4   0x100008b4   0x0000000c   Code   RO         1419    .text               c_w.l(sys_exit.o)
    0x100008c0   0x100008c0   0x0000004a   Code   RO          421    .text.ARM_USART0_Control  driver_usart.o
    0x1000090a   0x1000090a   0x00000002   PAD
    0x1000090c   0x1000090c   0x00000004   Code   RO          427    .text.ARM_USART0_GetModemStatus  driver_usart.o
    0x10000910   0x10000910   0x0000000c   Code   RO          419    .text.ARM_USART0_GetRxCount  driver_usart.o
    0x1000091c   0x1000091c   0x00000004   Code   RO          423    .text.ARM_USART0_GetStatus  driver_usart.o
    0x10000920   0x10000920   0x0000000c   Code   RO          417    .text.ARM_USART0_GetTxCount  driver_usart.o
    0x1000092c   0x1000092c   0x00000026   Code   RO          405    .text.ARM_USART0_Initialize  driver_usart.o
    0x10000952   0x10000952   0x00000002   PAD
    0x10000954   0x10000954   0x0000000a   Code   RO          409    .text.ARM_USART0_PowerControl  driver_usart.o
    0x1000095e   0x1000095e   0x00000002   PAD
    0x10000960   0x10000960   0x00000052   Code   RO          413    .text.ARM_USART0_Receive  driver_usart.o
    0x100009b2   0x100009b2   0x00000002   PAD
    0x100009b4   0x100009b4   0x00000066   Code   RO          411    .text.ARM_USART0_Send  driver_usart.o
    0x10000a1a   0x10000a1a   0x00000002   PAD
    0x10000a1c   0x10000a1c   0x00000006   Code   RO          425    .text.ARM_USART0_SetModemControl  driver_usart.o
    0x10000a22   0x10000a22   0x00000002   PAD
    0x10000a24   0x10000a24   0x00000006   Code   RO          415    .text.ARM_USART0_Transfer  driver_usart.o
    0x10000a2a   0x10000a2a   0x00000002   PAD
    0x10000a2c   0x10000a2c   0x00000004   Code   RO          407    .text.ARM_USART0_Uninitialize  driver_usart.o
    0x10000a30   0x10000a30   0x00000004   Code   RO          403    .text.ARM_USART_GetCapabilities  driver_usart.o
    0x10000a34   0x10000a34   0x0000000a   Code   RO          401    .text.ARM_USART_GetVersion  driver_usart.o
    0x10000a3e   0x10000a3e   0x00000002   PAD
    0x10000a40   0x10000a40   0x00000002   Code   RO          597    .text.BRIDGE_ERROR_Handler  startup_fvp_sse300_mps3.o
    0x10000a42   0x10000a42   0x00000002   PAD
    0x10000a44   0x10000a44   0x0000007c   Code   RO           41    .text.Blinky        blinky.o
    0x10000ac0   0x10000ac0   0x00000002   Code   RO          565    .text.BusFault_Handler  startup_fvp_sse300_mps3.o
    0x10000ac2   0x10000ac2   0x00000002   PAD
    0x10000ac4   0x10000ac4   0x00000002   Code   RO          603    .text.CPU0_PPU_Handler  startup_fvp_sse300_mps3.o
    0x10000ac6   0x10000ac6   0x00000002   PAD
    0x10000ac8   0x10000ac8   0x00000002   Code   RO          609    .text.CTI_REQ0_IRQHandler  startup_fvp_sse300_mps3.o
    0x10000aca   0x10000aca   0x00000002   PAD
    0x10000acc   0x10000acc   0x00000002   Code   RO          611    .text.CTI_REQ1_IRQHandler  startup_fvp_sse300_mps3.o
    0x10000ace   0x10000ace   0x00000002   PAD
    0x10000ad0   0x10000ad0   0x00000002   Code   RO          605    .text.DEBUG_PPU_Handler  startup_fvp_sse300_mps3.o
    0x10000ad2   0x10000ad2   0x00000002   PAD
    0x10000ad4   0x10000ad4   0x00000002   Code   RO          573    .text.DebugMon_Handler  startup_fvp_sse300_mps3.o
    0x10000ad6   0x10000ad6   0x00000002   PAD
    0x10000ad8   0x10000ad8   0x00000002   Code   RO          647    .text.ETHERNET_Handler  startup_fvp_sse300_mps3.o
    0x10000ada   0x10000ada   0x00000002   PAD
    0x10000adc   0x10000adc   0x00000002   Code   RO          661    .text.ETHOS_U55_Handler  startup_fvp_sse300_mps3.o
    0x10000ade   0x10000ade   0x00000002   PAD
    0x10000ae0   0x10000ae0   0x00000002   Code   RO          671    .text.GPIO0_0_Handler  startup_fvp_sse300_mps3.o
    0x10000ae2   0x10000ae2   0x00000002   PAD
    0x10000ae4   0x10000ae4   0x00000002   Code   RO          691    .text.GPIO0_10_Handler  startup_fvp_sse300_mps3.o
    0x10000ae6   0x10000ae6   0x00000002   PAD
    0x10000ae8   0x10000ae8   0x00000002   Code   RO          693    .text.GPIO0_11_Handler  startup_fvp_sse300_mps3.o
    0x10000aea   0x10000aea   0x00000002   PAD
    0x10000aec   0x10000aec   0x00000002   Code   RO          695    .text.GPIO0_12_Handler  startup_fvp_sse300_mps3.o
    0x10000aee   0x10000aee   0x00000002   PAD
    0x10000af0   0x10000af0   0x00000002   Code   RO          697    .text.GPIO0_13_Handler  startup_fvp_sse300_mps3.o
    0x10000af2   0x10000af2   0x00000002   PAD
    0x10000af4   0x10000af4   0x00000002   Code   RO          699    .text.GPIO0_14_Handler  startup_fvp_sse300_mps3.o
    0x10000af6   0x10000af6   0x00000002   PAD
    0x10000af8   0x10000af8   0x00000002   Code   RO          701    .text.GPIO0_15_Handler  startup_fvp_sse300_mps3.o
    0x10000afa   0x10000afa   0x00000002   PAD
    0x10000afc   0x10000afc   0x00000002   Code   RO          673    .text.GPIO0_1_Handler  startup_fvp_sse300_mps3.o
    0x10000afe   0x10000afe   0x00000002   PAD
    0x10000b00   0x10000b00   0x00000002   Code   RO          675    .text.GPIO0_2_Handler  startup_fvp_sse300_mps3.o
    0x10000b02   0x10000b02   0x00000002   PAD
    0x10000b04   0x10000b04   0x00000002   Code   RO          677    .text.GPIO0_3_Handler  startup_fvp_sse300_mps3.o
    0x10000b06   0x10000b06   0x00000002   PAD
    0x10000b08   0x10000b08   0x00000002   Code   RO          679    .text.GPIO0_4_Handler  startup_fvp_sse300_mps3.o
    0x10000b0a   0x10000b0a   0x00000002   PAD
    0x10000b0c   0x10000b0c   0x00000002   Code   RO          681    .text.GPIO0_5_Handler  startup_fvp_sse300_mps3.o
    0x10000b0e   0x10000b0e   0x00000002   PAD
    0x10000b10   0x10000b10   0x00000002   Code   RO          683    .text.GPIO0_6_Handler  startup_fvp_sse300_mps3.o
    0x10000b12   0x10000b12   0x00000002   PAD
    0x10000b14   0x10000b14   0x00000002   Code   RO          685    .text.GPIO0_7_Handler  startup_fvp_sse300_mps3.o
    0x10000b16   0x10000b16   0x00000002   PAD
    0x10000b18   0x10000b18   0x00000002   Code   RO          687    .text.GPIO0_8_Handler  startup_fvp_sse300_mps3.o
    0x10000b1a   0x10000b1a   0x00000002   PAD
    0x10000b1c   0x10000b1c   0x00000002   Code   RO          689    .text.GPIO0_9_Handler  startup_fvp_sse300_mps3.o
    0x10000b1e   0x10000b1e   0x00000002   PAD
    0x10000b20   0x10000b20   0x00000002   Code   RO          663    .text.GPIO0_Combined_Handler  startup_fvp_sse300_mps3.o
    0x10000b22   0x10000b22   0x00000002   PAD
    0x10000b24   0x10000b24   0x00000002   Code   RO          703    .text.GPIO1_0_Handler  startup_fvp_sse300_mps3.o
    0x10000b26   0x10000b26   0x00000002   PAD
    0x10000b28   0x10000b28   0x00000002   Code   RO          723    .text.GPIO1_10_Handler  startup_fvp_sse300_mps3.o
    0x10000b2a   0x10000b2a   0x00000002   PAD
    0x10000b2c   0x10000b2c   0x00000002   Code   RO          725    .text.GPIO1_11_Handler  startup_fvp_sse300_mps3.o
    0x10000b2e   0x10000b2e   0x00000002   PAD
    0x10000b30   0x10000b30   0x00000002   Code   RO          727    .text.GPIO1_12_Handler  startup_fvp_sse300_mps3.o
    0x10000b32   0x10000b32   0x00000002   PAD
    0x10000b34   0x10000b34   0x00000002   Code   RO          729    .text.GPIO1_13_Handler  startup_fvp_sse300_mps3.o
    0x10000b36   0x10000b36   0x00000002   PAD
    0x10000b38   0x10000b38   0x00000002   Code   RO          731    .text.GPIO1_14_Handler  startup_fvp_sse300_mps3.o
    0x10000b3a   0x10000b3a   0x00000002   PAD
    0x10000b3c   0x10000b3c   0x00000002   Code   RO          733    .text.GPIO1_15_Handler  startup_fvp_sse300_mps3.o
    0x10000b3e   0x10000b3e   0x00000002   PAD
    0x10000b40   0x10000b40   0x00000002   Code   RO          705    .text.GPIO1_1_Handler  startup_fvp_sse300_mps3.o
    0x10000b42   0x10000b42   0x00000002   PAD
    0x10000b44   0x10000b44   0x00000002   Code   RO          707    .text.GPIO1_2_Handler  startup_fvp_sse300_mps3.o
    0x10000b46   0x10000b46   0x00000002   PAD
    0x10000b48   0x10000b48   0x00000002   Code   RO          709    .text.GPIO1_3_Handler  startup_fvp_sse300_mps3.o
    0x10000b4a   0x10000b4a   0x00000002   PAD
    0x10000b4c   0x10000b4c   0x00000002   Code   RO          711    .text.GPIO1_4_Handler  startup_fvp_sse300_mps3.o
    0x10000b4e   0x10000b4e   0x00000002   PAD
    0x10000b50   0x10000b50   0x00000002   Code   RO          713    .text.GPIO1_5_Handler  startup_fvp_sse300_mps3.o
    0x10000b52   0x10000b52   0x00000002   PAD
    0x10000b54   0x10000b54   0x00000002   Code   RO          715    .text.GPIO1_6_Handler  startup_fvp_sse300_mps3.o
    0x10000b56   0x10000b56   0x00000002   PAD
    0x10000b58   0x10000b58   0x00000002   Code   RO          717    .text.GPIO1_7_Handler  startup_fvp_sse300_mps3.o
    0x10000b5a   0x10000b5a   0x00000002   PAD
    0x10000b5c   0x10000b5c   0x00000002   Code   RO          719    .text.GPIO1_8_Handler  startup_fvp_sse300_mps3.o
    0x10000b5e   0x10000b5e   0x00000002   PAD
    0x10000b60   0x10000b60   0x00000002   Code   RO          721    .text.GPIO1_9_Handler  startup_fvp_sse300_mps3.o
    0x10000b62   0x10000b62   0x00000002   PAD
    0x10000b64   0x10000b64   0x00000002   Code   RO          665    .text.GPIO1_Combined_Handler  startup_fvp_sse300_mps3.o
    0x10000b66   0x10000b66   0x00000002   PAD
    0x10000b68   0x10000b68   0x00000002   Code   RO          735    .text.GPIO2_0_Handler  startup_fvp_sse300_mps3.o
    0x10000b6a   0x10000b6a   0x00000002   PAD
    0x10000b6c   0x10000b6c   0x00000002   Code   RO          755    .text.GPIO2_10_Handler  startup_fvp_sse300_mps3.o
    0x10000b6e   0x10000b6e   0x00000002   PAD
    0x10000b70   0x10000b70   0x00000002   Code   RO          757    .text.GPIO2_11_Handler  startup_fvp_sse300_mps3.o
    0x10000b72   0x10000b72   0x00000002   PAD
    0x10000b74   0x10000b74   0x00000002   Code   RO          759    .text.GPIO2_12_Handler  startup_fvp_sse300_mps3.o
    0x10000b76   0x10000b76   0x00000002   PAD
    0x10000b78   0x10000b78   0x00000002   Code   RO          761    .text.GPIO2_13_Handler  startup_fvp_sse300_mps3.o
    0x10000b7a   0x10000b7a   0x00000002   PAD
    0x10000b7c   0x10000b7c   0x00000002   Code   RO          763    .text.GPIO2_14_Handler  startup_fvp_sse300_mps3.o
    0x10000b7e   0x10000b7e   0x00000002   PAD
    0x10000b80   0x10000b80   0x00000002   Code   RO          765    .text.GPIO2_15_Handler  startup_fvp_sse300_mps3.o
    0x10000b82   0x10000b82   0x00000002   PAD
    0x10000b84   0x10000b84   0x00000002   Code   RO          737    .text.GPIO2_1_Handler  startup_fvp_sse300_mps3.o
    0x10000b86   0x10000b86   0x00000002   PAD
    0x10000b88   0x10000b88   0x00000002   Code   RO          739    .text.GPIO2_2_Handler  startup_fvp_sse300_mps3.o
    0x10000b8a   0x10000b8a   0x00000002   PAD
    0x10000b8c   0x10000b8c   0x00000002   Code   RO          741    .text.GPIO2_3_Handler  startup_fvp_sse300_mps3.o
    0x10000b8e   0x10000b8e   0x00000002   PAD
    0x10000b90   0x10000b90   0x00000002   Code   RO          743    .text.GPIO2_4_Handler  startup_fvp_sse300_mps3.o
    0x10000b92   0x10000b92   0x00000002   PAD
    0x10000b94   0x10000b94   0x00000002   Code   RO          745    .text.GPIO2_5_Handler  startup_fvp_sse300_mps3.o
    0x10000b96   0x10000b96   0x00000002   PAD
    0x10000b98   0x10000b98   0x00000002   Code   RO          747    .text.GPIO2_6_Handler  startup_fvp_sse300_mps3.o
    0x10000b9a   0x10000b9a   0x00000002   PAD
    0x10000b9c   0x10000b9c   0x00000002   Code   RO          749    .text.GPIO2_7_Handler  startup_fvp_sse300_mps3.o
    0x10000b9e   0x10000b9e   0x00000002   PAD
    0x10000ba0   0x10000ba0   0x00000002   Code   RO          751    .text.GPIO2_8_Handler  startup_fvp_sse300_mps3.o
    0x10000ba2   0x10000ba2   0x00000002   PAD
    0x10000ba4   0x10000ba4   0x00000002   Code   RO          753    .text.GPIO2_9_Handler  startup_fvp_sse300_mps3.o
    0x10000ba6   0x10000ba6   0x00000002   PAD
    0x10000ba8   0x10000ba8   0x00000002   Code   RO          667    .text.GPIO2_Combined_Handler  startup_fvp_sse300_mps3.o
    0x10000baa   0x10000baa   0x00000002   PAD
    0x10000bac   0x10000bac   0x00000002   Code   RO          767    .text.GPIO3_0_Handler  startup_fvp_sse300_mps3.o
    0x10000bae   0x10000bae   0x00000002   PAD
    0x10000bb0   0x10000bb0   0x00000002   Code   RO          769    .text.GPIO3_1_Handler  startup_fvp_sse300_mps3.o
    0x10000bb2   0x10000bb2   0x00000002   PAD
    0x10000bb4   0x10000bb4   0x00000002   Code   RO          771    .text.GPIO3_2_Handler  startup_fvp_sse300_mps3.o
    0x10000bb6   0x10000bb6   0x00000002   PAD
    0x10000bb8   0x10000bb8   0x00000002   Code   RO          773    .text.GPIO3_3_Handler  startup_fvp_sse300_mps3.o
    0x10000bba   0x10000bba   0x00000002   PAD
    0x10000bbc   0x10000bbc   0x00000002   Code   RO          669    .text.GPIO3_Combined_Handler  startup_fvp_sse300_mps3.o
    0x10000bbe   0x10000bbe   0x00000002   PAD
    0x10000bc0   0x10000bc0   0x00000002   Code   RO          561    .text.HardFault_Handler  startup_fvp_sse300_mps3.o
    0x10000bc2   0x10000bc2   0x00000002   PAD
    0x10000bc4   0x10000bc4   0x00000002   Code   RO          649    .text.I2S_Handler   startup_fvp_sse300_mps3.o
    0x10000bc6   0x10000bc6   0x00000002   PAD
    0x10000bc8   0x10000bc8   0x00000002   Code   RO          599    .text.MGMT_PPU_Handler  startup_fvp_sse300_mps3.o
    0x10000bca   0x10000bca   0x00000002   PAD
    0x10000bcc   0x10000bcc   0x00000002   Code   RO          591    .text.MPC_Handler   startup_fvp_sse300_mps3.o
    0x10000bce   0x10000bce   0x00000002   PAD
    0x10000bd0   0x10000bd0   0x00000002   Code   RO          595    .text.MSC_Handler   startup_fvp_sse300_mps3.o
    0x10000bd2   0x10000bd2   0x00000002   PAD
    0x10000bd4   0x10000bd4   0x00000002   Code   RO          563    .text.MemManage_Handler  startup_fvp_sse300_mps3.o
    0x10000bd6   0x10000bd6   0x00000002   PAD
    0x10000bd8   0x10000bd8   0x00000002   Code   RO          559    .text.NMI_Handler   startup_fvp_sse300_mps3.o
    0x10000bda   0x10000bda   0x00000002   PAD
    0x10000bdc   0x10000bdc   0x00000002   Code   RO          581    .text.NONSEC_WATCHDOG_Handler  startup_fvp_sse300_mps3.o
    0x10000bde   0x10000bde   0x00000002   PAD
    0x10000be0   0x10000be0   0x00000002   Code   RO          579    .text.NONSEC_WATCHDOG_RESET_Handler  startup_fvp_sse300_mps3.o
    0x10000be2   0x10000be2   0x00000002   PAD
    0x10000be4   0x10000be4   0x00000002   Code   RO          593    .text.PPC_Handler   startup_fvp_sse300_mps3.o
    0x10000be6   0x10000be6   0x00000002   PAD
    0x10000be8   0x10000be8   0x00000002   Code   RO          575    .text.PendSV_Handler  startup_fvp_sse300_mps3.o
    0x10000bea   0x10000bea   0x00000002   PAD
    0x10000bec   0x10000bec   0x00000014   Code   RO          781    .text.Reset_Handler  startup_fvp_sse300_mps3.o
    0x10000c00   0x10000c00   0x00000002   Code   RO          583    .text.SLOWCLK_Timer_Handler  startup_fvp_sse300_mps3.o
    0x10000c02   0x10000c02   0x00000002   PAD
    0x10000c04   0x10000c04   0x00000002   Code   RO          655    .text.SPI_ADC_Handler  startup_fvp_sse300_mps3.o
    0x10000c06   0x10000c06   0x00000002   PAD
    0x10000c08   0x10000c08   0x00000002   Code   RO          657    .text.SPI_SHIELD0_Handler  startup_fvp_sse300_mps3.o
    0x10000c0a   0x10000c0a   0x00000002   PAD
    0x10000c0c   0x10000c0c   0x00000002   Code   RO          659    .text.SPI_SHIELD1_Handler  startup_fvp_sse300_mps3.o
    0x10000c0e   0x10000c0e   0x00000002   PAD
    0x10000c10   0x10000c10   0x00000002   Code   RO          571    .text.SVC_Handler   startup_fvp_sse300_mps3.o
    0x10000c12   0x10000c12   0x00000002   PAD
    0x10000c14   0x10000c14   0x00000002   Code   RO          601    .text.SYS_PPU_Handler  startup_fvp_sse300_mps3.o
    0x10000c16   0x10000c16   0x00000002   PAD
    0x10000c18   0x10000c18   0x00000002   Code   RO          569    .text.SecureFault_Handler  startup_fvp_sse300_mps3.o
    0x10000c1a   0x10000c1a   0x00000002   PAD
    0x10000c1c   0x10000c1c   0x00000002   Code   RO          577    .text.SysTick_Handler  startup_fvp_sse300_mps3.o
    0x10000c1e   0x10000c1e   0x00000002   PAD
    0x10000c20   0x10000c20   0x0000003a   Code   RO          794    .text.SystemInit    system_sse300mps3.o
    0x10000c5a   0x10000c5a   0x00000002   PAD
    0x10000c5c   0x10000c5c   0x00000002   Code   RO          613    .text.System_Timestamp_Counter_Handler  startup_fvp_sse300_mps3.o
    0x10000c5e   0x10000c5e   0x00000002   PAD
    0x10000c60   0x10000c60   0x00000002   Code   RO          585    .text.TIMER0_Handler  startup_fvp_sse300_mps3.o
    0x10000c62   0x10000c62   0x00000002   PAD
    0x10000c64   0x10000c64   0x00000002   Code   RO          587    .text.TIMER1_Handler  startup_fvp_sse300_mps3.o
    0x10000c66   0x10000c66   0x00000002   PAD
    0x10000c68   0x10000c68   0x00000002   Code   RO          589    .text.TIMER2_Handler  startup_fvp_sse300_mps3.o
    0x10000c6a   0x10000c6a   0x00000002   PAD
    0x10000c6c   0x10000c6c   0x00000002   Code   RO          607    .text.TIMER3_Handler  startup_fvp_sse300_mps3.o
    0x10000c6e   0x10000c6e   0x00000002   PAD
    0x10000c70   0x10000c70   0x00000002   Code   RO          651    .text.TOUCH_SCREEN_Handler  startup_fvp_sse300_mps3.o
    0x10000c72   0x10000c72   0x00000002   PAD
    0x10000c74   0x10000c74   0x00000002   Code   RO          635    .text.UART0_Combined_Handler  startup_fvp_sse300_mps3.o
    0x10000c76   0x10000c76   0x00000002   PAD
    0x10000c78   0x10000c78   0x00000002   Code   RO          637    .text.UART1_Combined_Handler  startup_fvp_sse300_mps3.o
    0x10000c7a   0x10000c7a   0x00000002   PAD
    0x10000c7c   0x10000c7c   0x00000002   Code   RO          639    .text.UART2_Combined_Handler  startup_fvp_sse300_mps3.o
    0x10000c7e   0x10000c7e   0x00000002   PAD
    0x10000c80   0x10000c80   0x00000002   Code   RO          641    .text.UART3_Combined_Handler  startup_fvp_sse300_mps3.o
    0x10000c82   0x10000c82   0x00000002   PAD
    0x10000c84   0x10000c84   0x00000002   Code   RO          643    .text.UART4_Combined_Handler  startup_fvp_sse300_mps3.o
    0x10000c86   0x10000c86   0x00000002   PAD
    0x10000c88   0x10000c88   0x00000002   Code   RO          779    .text.UART5_Handler  startup_fvp_sse300_mps3.o
    0x10000c8a   0x10000c8a   0x00000002   PAD
    0x10000c8c   0x10000c8c   0x00000002   Code   RO          645    .text.UARTOVF_Handler  startup_fvp_sse300_mps3.o
    0x10000c8e   0x10000c8e   0x00000002   PAD
    0x10000c90   0x10000c90   0x00000002   Code   RO          615    .text.UARTRX0_Handler  startup_fvp_sse300_mps3.o
    0x10000c92   0x10000c92   0x00000002   PAD
    0x10000c94   0x10000c94   0x00000002   Code   RO          619    .text.UARTRX1_Handler  startup_fvp_sse300_mps3.o
    0x10000c96   0x10000c96   0x00000002   PAD
    0x10000c98   0x10000c98   0x00000002   Code   RO          623    .text.UARTRX2_Handler  startup_fvp_sse300_mps3.o
    0x10000c9a   0x10000c9a   0x00000002   PAD
    0x10000c9c   0x10000c9c   0x00000002   Code   RO          627    .text.UARTRX3_Handler  startup_fvp_sse300_mps3.o
    0x10000c9e   0x10000c9e   0x00000002   PAD
    0x10000ca0   0x10000ca0   0x00000002   Code   RO          631    .text.UARTRX4_Handler  startup_fvp_sse300_mps3.o
    0x10000ca2   0x10000ca2   0x00000002   PAD
    0x10000ca4   0x10000ca4   0x00000002   Code   RO          775    .text.UARTRX5_Handler  startup_fvp_sse300_mps3.o
    0x10000ca6   0x10000ca6   0x00000002   PAD
    0x10000ca8   0x10000ca8   0x00000002   Code   RO          617    .text.UARTTX0_Handler  startup_fvp_sse300_mps3.o
    0x10000caa   0x10000caa   0x00000002   PAD
    0x10000cac   0x10000cac   0x00000002   Code   RO          621    .text.UARTTX1_Handler  startup_fvp_sse300_mps3.o
    0x10000cae   0x10000cae   0x00000002   PAD
    0x10000cb0   0x10000cb0   0x00000002   Code   RO          625    .text.UARTTX2_Handler  startup_fvp_sse300_mps3.o
    0x10000cb2   0x10000cb2   0x00000002   PAD
    0x10000cb4   0x10000cb4   0x00000002   Code   RO          629    .text.UARTTX3_Handler  startup_fvp_sse300_mps3.o
    0x10000cb6   0x10000cb6   0x00000002   PAD
    0x10000cb8   0x10000cb8   0x00000002   Code   RO          633    .text.UARTTX4_Handler  startup_fvp_sse300_mps3.o
    0x10000cba   0x10000cba   0x00000002   PAD
    0x10000cbc   0x10000cbc   0x00000002   Code   RO          777    .text.UARTTX5_Handler  startup_fvp_sse300_mps3.o
    0x10000cbe   0x10000cbe   0x00000002   PAD
    0x10000cc0   0x10000cc0   0x00000002   Code   RO          653    .text.USB_Handler   startup_fvp_sse300_mps3.o
    0x10000cc2   0x10000cc2   0x00000002   PAD
    0x10000cc4   0x10000cc4   0x00000002   Code   RO          567    .text.UsageFault_Handler  startup_fvp_sse300_mps3.o
    0x10000cc6   0x10000cc6   0x00000002   PAD
    0x10000cc8   0x10000cc8   0x00000034   Code   RO          805    .text.arm_mps3_io_write_leds  arm_mps3_io_drv.o
    0x10000cfc   0x10000cfc   0x00000004   Code   RO            7    .text.get_led_port_bit_length  led_port.o
    0x10000d00   0x10000d00   0x00000024   Code   RO           45    .text.led_blink     blinky.o
    0x10000d24   0x10000d24   0x00000022   Code   RO            9    .text.led_port_init  led_port.o
    0x10000d46   0x10000d46   0x00000002   PAD
    0x10000d48   0x10000d48   0x0000003c   Code   RO           43    .text.led_runner    blinky.o
    0x10000d84   0x10000d84   0x00000008   Code   RO           56    .text.main          main.o
    0x10000d8c   0x10000d8c   0x00000020   Code   RO           24    .text.serial_init   serial.o
    0x10000dac   0x10000dac   0x0000001e   Code   RO           26    .text.serial_print  serial.o
    0x10000dca   0x10000dca   0x00000002   PAD
    0x10000dcc   0x10000dcc   0x00000054   Code   RO           11    .text.set_led_port  led_port.o
    0x10000e20   0x10000e20   0x000000a0   Code   RO         1083    .text.syscounter_armv8_m_cntrl_init  syscounter_armv8-m_cntrl_drv.o
    0x10000ec0   0x10000ec0   0x00000030   Code   RO         1154    .text.systimer_armv8_m_init  systimer_armv8-m_drv.o
    0x10000ef0   0x10000ef0   0x0000000c   Code   RO         1186    .text.systimer_armv8_m_is_interrupt_asserted  systimer_armv8-m_drv.o
    0x10000efc   0x10000efc   0x00000008   Code   RO         1176    .text.systimer_armv8_m_set_timer_value  systimer_armv8-m_drv.o
    0x10000f04   0x10000f04   0x0000002a   Code   RO         1214    .text.timeout_delay_is_elapsed  systimer_armv8-m_timeout.o
    0x10000f2e   0x10000f2e   0x00000002   PAD
    0x10000f30   0x10000f30   0x00000074   Code   RO         1210    .text.timeout_init  systimer_armv8-m_timeout.o
    0x10000fa4   0x10000fa4   0x0000002c   Code   RO         1277    .text.uart_cmsdk_init  uart_cmsdk_drv.o
    0x10000fd0   0x10000fd0   0x00000014   Code   RO         1285    .text.uart_cmsdk_read  uart_cmsdk_drv.o
    0x10000fe4   0x10000fe4   0x00000018   Code   RO         1299    .text.uart_cmsdk_rx_ready  uart_cmsdk_drv.o
    0x10000ffc   0x10000ffc   0x00000030   Code   RO         1279    .text.uart_cmsdk_set_baudrate  uart_cmsdk_drv.o
    0x1000102c   0x1000102c   0x0000001a   Code   RO         1293    .text.uart_cmsdk_tx_ready  uart_cmsdk_drv.o
    0x10001046   0x10001046   0x00000002   PAD
    0x10001048   0x10001048   0x00000012   Code   RO         1287    .text.uart_cmsdk_write  uart_cmsdk_drv.o
    0x1000105a   0x1000105a   0x0000001e   Code   RO         1417    x$fpl$fpinit        fz_wv.l(fpinit_81m.o)
    0x10001078   0x10001078   0x00000038   Data   RO          453    .rodata.Driver_USART0  driver_usart.o
    0x100010b0   0x100010b0   0x00000014   Data   RO          508    .rodata.SYSCOUNTER_CNTRL_ARMV8_M_DEV_CFG_S  device_definition.o
    0x100010c4   0x100010c4   0x00000008   Data   RO          513    .rodata.SYSTIMER0_ARMV8_M_DEV_CFG_S  device_definition.o
    0x100010cc   0x100010cc   0x00000008   Data   RO          469    .rodata.UART0_CMSDK_DEV_CFG_S  device_definition.o
    0x100010d4   0x100010d4   0x00000020   Data   RO         1489    Region$$Table       anon$$obj.o


    Execution Region ER_CODE_CMSE_VENEER (Exec base: 0x10001100, Load base: 0x10001100, Size: 0x00000000, Max: 0xffffffff, ABSOLUTE)

    **** No section assigned to this execution region ****


    Execution Region ER_CODE_CMSE_VENEER_DUMMY (Exec base: 0x10001100, Load base: 0x10001100, Size: 0x00000000, Max: 0x00000000, ABSOLUTE)

    Exec Addr    Load Addr    Size         Type   Attr      Idx    E Section Name        Object

    0x10001100        -       0x00000000   Zero   RW            1    ER_CODE_CMSE_VENEER_DUMMY.bss  anon$$obj.o


    Execution Region CODE_WATERMARK (Exec base: 0x10001100, Load base: 0x10001100, Size: 0x00000000, Max: 0x00000000, ABSOLUTE)

    Exec Addr    Load Addr    Size         Type   Attr      Idx    E Section Name        Object

    0x10001100        -       0x00000000   Zero   RW            2    CODE_WATERMARK.bss  anon$$obj.o


    Execution Region ER_DATA (Exec base: 0x30000000, Load base: 0x10001100, Size: 0x00000054, Max: 0xffffffff, ABSOLUTE)

    Exec Addr    Load Addr    Size         Type   Attr      Idx    E Section Name        Object

    0x30000000   0x10001100   0x00000004   Data   RW          539    .data.MPS3_IO_DEV_CFG_S  device_definition.o
    0x30000004   0x10001104   0x00000004   Data   RW          540    .data.MPS3_IO_DEV_S  device_definition.o
    0x30000008   0x10001108   0x00000004   Data   RW          797    .data.PeripheralClock  system_sse300mps3.o
    0x3000000c   0x1000110c   0x00000008   Data   RW          510    .data.SYSCOUNTER_CNTRL_ARMV8_M_DEV_S  device_definition.o
    0x30000014   0x10001114   0x00000008   Data   RW          515    .data.SYSTIMER0_ARMV8_M_DEV_S  device_definition.o
    0x3000001c   0x1000111c   0x00000004   Data   RW          796    .data.SystemCoreClock  system_sse300mps3.o
    0x30000020   0x10001120   0x00000008   Data   RW          471    .data.UART0_CMSDK_DEV_S  device_definition.o
    0x30000028        -       0x00000001   Zero   RW          509    .bss.SYSCOUNTER_CNTRL_ARMV8_M_DEV_DATA_S  device_definition.o
    0x30000029        -       0x00000001   Zero   RW          514    .bss.SYSTIMER0_ARMV8_M_DEV_DATA_S  device_definition.o
    0x3000002a   0x10001128   0x00000002   PAD
    0x3000002c        -       0x0000000c   Zero   RW          470    .bss.UART0_CMSDK_DEV_DATA_S  device_definition.o
    0x30000038        -       0x00000004   Zero   RW          455    .bss.USART0_DEV.1   driver_usart.o
    0x3000003c        -       0x00000004   Zero   RW          456    .bss.USART0_DEV.2   driver_usart.o
    0x30000040        -       0x00000004   Zero   RW          457    .bss.USART0_DEV.3   driver_usart.o
    0x30000044        -       0x00000004   Zero   RW         1220    .bss.delay_in_tick  systimer_armv8-m_timeout.o
    0x30000048        -       0x00000004   Zero   RW           15    .bss.led_status     led_port.o
    0x3000004c        -       0x00000008   Zero   RW           47    .bss.timeout        blinky.o


    Execution Region ARM_LIB_HEAP (Exec base: 0x30000058, Load base: 0x10001128, Size: 0x00000400, Max: 0x00000400, ABSOLUTE)

    Exec Addr    Load Addr    Size         Type   Attr      Idx    E Section Name        Object

    0x30000058        -       0x00000400   Zero   RW            3    ARM_LIB_HEAP.bss    anon$$obj.o


    Execution Region ARM_LIB_STACK (Exec base: 0x30000460, Load base: 0x10001140, Size: 0x00000400, Max: 0x00000400, ABSOLUTE)

    Exec Addr    Load Addr    Size         Type   Attr      Idx    E Section Name        Object

    0x30000460        -       0x00000400   Zero   RW            4    ARM_LIB_STACK.bss   anon$$obj.o


    Execution Region SRAM_WATERMARK (Exec base: 0x30000860, Load base: 0x10001140, Size: 0x00000000, Max: 0x00000000, ABSOLUTE)

    Exec Addr    Load Addr    Size         Type   Attr      Idx    E Section Name        Object

    0x30000860        -       0x00000000   Zero   RW            5    SRAM_WATERMARK.bss  anon$$obj.o


==============================================================================

Image component sizes


      Code (inc. data)   RO Data    RW Data    ZI Data      Debug   Object Name

        52          0          0          0          0       2830   arm_mps3_io_drv.o
       220         64          0          0          8       1529   blinky.o
         0          0         36         32         14       7438   device_definition.o
       368          0         56          0         12      10429   driver_usart.o
       122          0          0          0          4       1606   led_port.o
         8          0          0          0          0        581   main.o
        62          0          0          0          0       1512   serial.o
       242          0       1984          0          0       7461   startup_fvp_sse300_mps3.o
       160          0          0          0          0      10938   syscounter_armv8-m_cntrl_drv.o
        58          0          0          8          0       1993   system_sse300mps3.o
        68          0          0          0          0       8253   systimer_armv8-m_drv.o
       158          0          0          0          4       3372   systimer_armv8-m_timeout.o
       180          0          0          0          0       4606   uart_cmsdk_drv.o

    ----------------------------------------------------------------------
      1946         64       2108         40       2092      62548   Object Totals
         0          0         32          0       2048          0   (incl. Generated)
       248          0          0          0          2          0   (incl. Padding)

    ----------------------------------------------------------------------

      Code (inc. data)   RO Data    RW Data    ZI Data      Debug   Library Member Name

         8          0          0          0          0         68   __main.o
         0          0          0          0          0          0   __rtentry.o
        12          0          0          0          0          0   __rtentry2.o
         8          4          0          0          0          0   __rtentry7.o
        52          8          0          0          0          0   __scatter.o
        26          0          0          0          0          0   __scatter_copy.o
        28          0          0          0          0          0   __scatter_zi.o
        18          0          0          0          0         80   exit.o
         0          0          0          0          0          0   indicate_semi.o
         2          0          0          0          0          0   libinit.o
         6          0          0          0          0          0   libinit2.o
         2          0          0          0          0          0   libshutdown.o
         2          0          0          0          0          0   libshutdown2.o
         2          0          0          0          0          0   rtexit.o
        10          0          0          0          0          0   rtexit2.o
        62          0          0          0          0         76   strlen.o
        12          4          0          0          0         68   sys_exit.o
         2          0          0          0          0         68   use_no_semi.o
        30          0          0          0          0        164   fpinit_81m.o

    ----------------------------------------------------------------------
       286         16          0          0          0        524   Library Totals
         4          0          0          0          0          0   (incl. Padding)

    ----------------------------------------------------------------------

      Code (inc. data)   RO Data    RW Data    ZI Data      Debug   Library Name

       252         16          0          0          0        360   c_w.l
        30          0          0          0          0        164   fz_wv.l

    ----------------------------------------------------------------------
       286         16          0          0          0        524   Library Totals

    ----------------------------------------------------------------------

==============================================================================


      Code (inc. data)   RO Data    RW Data    ZI Data      Debug   

      2232         80       2108         40       2092      62900   Grand Totals
      2232         80       2108         40       2092      62900   ELF Image Totals
      2232         80       2108         40          0          0   ROM Totals

==============================================================================

    Total RO  Size (Code + RO Data)                 4340 (   4.24kB)
    Total RW  Size (RW Data + ZI Data)              2132 (   2.08kB)
    Total ROM Size (Code + RO Data + RW Data)       4380 (   4.28kB)

==============================================================================

